******************************************************************************
               TMS320C6x Linker Unix v6.1.17                   
******************************************************************************
>> Linked Fri Jun  3 15:54:58 2016

OUTPUT FILE NAME:   <Debug/pool_notify.out>
ENTRY POINT SYMBOL: "_c_int00"  address: 87e33340


MEMORY CONFIGURATION

         name            origin    length      used     unused   attr    fill
----------------------  --------  ---------  --------  --------  ----  --------
  IRAM                  107f8000   00010000  00000000  00010000  RWIX
  CACHE_L2              10808000   00008000  00000000  00008000  RWIX
  CACHE_L1P             10e04000   00004000  00000000  00004000  RWIX
  L1DSRAM               10f04000   00004000  00000000  00004000  RWIX
  CACHE_L1D             10f10000   00008000  00000000  00008000  RWIX
  RESET_VECTOR          87e00000   00000080  00000000  00000080  RWIX
  DDR2                  87e00080   000fff80  0003481d  000cb763  RWIX
  DSPLINKMEM            87f00000   00030000  00000000  00030000  RWIX
  POOLMEM               87f30000   000d0000  00000000  000d0000  RWIX


SECTION ALLOCATION MAP

 output                                  attributes/
section   page    origin      length       input sections
--------  ----  ----------  ----------   ----------------
.vers      0    00000000    00000040     COPY SECTION
                  00000000    00000040     pool_notifycfg.obj (.vers)

.pinit     0    87e00080    00000000     UNINITIALIZED

.prd       0    87e00080    00000000     UNINITIALIZED

.data      0    87e00080    00000000     UNINITIALIZED

.hst       0    87e00080    00000000     UNINITIALIZED

.pip       0    87e00080    00000000     UNINITIALIZED

.DDR2$heap 
*          0    87e00080    00020000     UNINITIALIZED
                  87e00080    00020000     --HOLE--

.text      0    87e20080    0000c560     
                  87e20080    00004ba0     dsplinkringio.lib : _ringio.obj (.text)
                  87e24c20    000019c0     dsplink.lib : ips.obj (.text)
                  87e265e0    00001500     dsplinkmpcs.lib : mpcs.obj (.text)
                  87e27ae0    000009e0     task.obj (.text)
                  87e284c0    000009a0     dsplinkpool.lib : sma_pool.obj (.text)
                  87e28e60    000008c0     dsplink.lib : dsplink.obj (.text)
                  87e29720    00000740     dsplinkmpcs.lib : _mpcs.obj (.text)
                  87e29e60    00000520     dsplinknotify.lib : notify.obj (.text)
                  87e2a380    00000500     rts64plus.lib : divf.obj (.text:__divf)
                  87e2a880    000002e0     dsplinkmplist.lib : _mplist.obj (.text)
                  87e2ab60    00000200     rts64plus.lib : mpyf.obj (.text:__mpyf)
                  87e2ad60    000001c0     dsplink.lib : hal_interrupt.obj (.text:DSPLINK_init)
                  87e2af20    00000180                 : hal_interrupt.obj (.text)
                  87e2b0a0    00000160                 : dsplinkips.obj (.text:DSPLINK_init)
                  87e2b200    00000160     dsp_main.obj (.text)
                  87e2b360    00000140     dsplinknotify.lib : _notify.obj (.text)
                  87e2b4a0    00000120     dsplink.lib : shm_drv.obj (.text:DSPLINK_init)
                  87e2b5c0    00000100                 : dsplink.obj (.text:DSPLINK_init)
                  87e2b6c0    000000e0     rts64plus.lib : cmpd.obj (.text:__cmpd)
                  87e2b7a0    000000e0                   : divi.obj (.text:__divi)
                  87e2b880    000000e0                   : atoi.obj (.text:_atoi)
                  87e2b960    000000e0                   : memset.obj (.text:_memset)
                  87e2ba40    000000c0     dsplinkpool.lib : dsplinkpool.obj (.text:DSPLINK_init)
                  87e2bb00    000000c0     rts64plus.lib : divu.obj (.text:__divu)
                  87e2bbc0    000000c0     bios.a64P : tsk_stup.o64P (.text)
                  87e2bc80    000000c0     dsplink.lib : failure.obj (.text)
                  87e2bd40    000000a0     dsplinkdata.lib : dsplinkdata.obj (.text:DSPLINK_init)
                  87e2bde0    000000a0     dsplinkmsg.lib : dsplinkmqt.obj (.text:DSPLINK_init)
                  87e2be80    000000a0     rts64plus.lib : frcmpyf_div.obj (.text:__frcmpyf_div)
                  87e2bf20    000000a0                   : remu.obj (.text:__remu)
                  87e2bfc0    000000a0                   : memcpy64.obj (.text:_memcpy)
                  87e2c060    000000a0                   : strncpy.obj (.text:_strncpy)
                  87e2c100    00000080                   : cmpf.obj (.text:__cmpf)
                  87e2c180    00000080                   : fixfu.obj (.text:__fixfu)
                  87e2c200    00000060                   : cvtfd.obj (.text:__cvtfd)
                  87e2c260    00000060                   : frcmpyf.obj (.text:__frcmpyf)
                  87e2c2c0    00000060                   : strcpy.obj (.text:_strcpy)
                  87e2c320    00000060                   : strncmp.obj (.text:_strncmp)
                  87e2c380    00000060     dsplink.lib : shm_drv.obj (.text)
                  87e2c3e0    00000040     rts64plus.lib : fltuf.obj (.text:__fltuf)
                  87e2c420    00000040     dsplink.lib : dsplinkips.obj (.text)
                  87e2c460    00000040                 : hal.obj (.text)
                  87e2c4a0    00000040     dsplinkdata.lib : dsplinkdata.obj (.text)
                  87e2c4e0    00000040     dsplinkmsg.lib : dsplinkmqt.obj (.text)
                  87e2c520    00000040     dsplinkpool.lib : dsplinkpool.obj (.text)
                  87e2c560    00000020     rts64plus.lib : divf.obj (.text:___isnanf)
                  87e2c580    00000020                   : _lock.obj (.text:__nop)
                  87e2c5a0    00000020                   : _lock.obj (.text:__register_lock)
                  87e2c5c0    00000020                   : _lock.obj (.text:__register_unlock)

.bios      0    87e2c5e0    00004660     
                  87e2c5e0    00000520     bios.a64P : exc.o64P (.bios)
                  87e2cb00    000004e0               : hwi_disp_asm.o64P (.bios)
                  87e2cfe0    000004c0               : swi.o64P (.bios)
                  87e2d4a0    00000380               : prd.o64P (.bios)
                  87e2d820    00000340               : tsk_crea.o64P (.bios)
                  87e2db60    000002a0               : malloc.o64P (.bios)
                  87e2de00    00000240               : knl_run.o64P (.bios)
                  87e2e040    00000200               : sem_pend.o64P (.bios)
                  87e2e240    00000200     bios3430.a64P : clk2430.o64P (.bios)
                  87e2e440    000001e0     bios.a64P : mem_allo.o64P (.bios:.near)
                  87e2e620    000001e0               : c62_plug.o64P (.bios)
                  87e2e800    000001e0               : exc_asm.o64P (.bios)
                  87e2e9e0    000001e0               : knl_tick.o64P (.bios)
                  87e2ebc0    000001c0               : mem_free.o64P (.bios:.near)
                  87e2ed80    000001c0               : sem_dopo.o64P (.bios)
                  87e2ef40    000001c0     bios3430.a64P : clk.o64P (.bios)
                  87e2f100    000001a0     bios.a64P : tsk_setu.o64P (.bios)
                  87e2f2a0    00000180               : knl_swit.o64P (.bios)
                  87e2f420    00000140               : autoinit.o64P (.bios)
                  87e2f560    00000140               : knl_read.o64P (.bios)
                  87e2f6a0    00000140               : tsk_exit.o64P (.bios)
                  87e2f7e0    00000140     bios3430.a64P : bcache_init.o64P (.bios)
                  87e2f920    00000140                   : clk2430_reconfig.o64P (.bios)
                  87e2fa60    00000120     bios.a64P : gbl_cacheinit64P.o64P (.bios)
                  87e2fb80    00000120               : knl_chec.o64P (.bios)
                  87e2fca0    00000120               : tsk_stup.o64P (.bios)
                  87e2fdc0    00000100     bios3430.a64P : bcache_block.o64P (.bios)
                  87e2fec0    000000e0     bios.a64P : sem_post_asm.o64P (.bios)
                  87e2ffa0    000000c0               : knl_exit.o64P (.bios)
                  87e30060    000000a0               : knl_star.o64P (.bios)
                  87e30100    000000a0               : sem_post.o64P (.bios)
                  87e301a0    000000a0               : sys_exit.o64P (.bios)
                  87e30240    00000080               : hwi_disp.o64P (.bios)
                  87e302c0    00000080               : hwi_eventmap64P.o64P (.bios)
                  87e30340    00000080               : knl_ipos.o64P (.bios)
                  87e303c0    00000080               : knl_post.o64P (.bios)
                  87e30440    00000080               : lck.o64P (.bios)
                  87e304c0    00000080               : log.o64P (.bios)
                  87e30540    00000080               : obj_crea.o64P (.bios)
                  87e305c0    00000080     bios3430.a64P : bcache_all.o64P (.bios)
                  87e30640    00000080                   : bcache_wait.o64P (.bios)
                  87e306c0    00000060     bios.a64P : mem_vall.o64P (.bios:.near)
                  87e30720    00000060               : sys_erro.o64P (.bios:.near)
                  87e30780    00000060               : fxn.o64P (.bios)
                  87e307e0    00000060               : hwi_c.o64P (.bios)
                  87e30840    00000060               : obj_dele.o64P (.bios)
                  87e308a0    00000060               : sem_pend_counting.o64P (.bios)
                  87e30900    00000060               : sts.o64P (.bios)
                  87e30960    00000060               : swi_disable.o64P (.bios)
                  87e309c0    00000060               : sys_abor.o64P (.bios)
                  87e30a20    00000060               : utl_putc.o64P (.bios)
                  87e30a80    00000040               : c62_c.o64P (.bios)
                  87e30ac0    00000040               : que_get.o64P (.bios)
                  87e30b00    00000040               : utl_doab.o64P (.bios)
                  87e30b40    00000020               : fxn_c.o64P (.bios)
                  87e30b60    00000020               : gbl_vers.o64P (.bios)
                  87e30b80    00000020               : hook_setenv.o64P (.bios)
                  87e30ba0    00000020               : idl.o64P (.bios)
                  87e30bc0    00000020               : sts_set.o64P (.bios)
                  87e30be0    00000020               : utl_doer.o64P (.bios)
                  87e30c00    00000020               : utl_halt.o64P (.bios)
                  87e30c20    00000020     bios3430.a64P : clk2430_gethtime.o64P (.bios)

.stack     0    87e30c40    00001000     UNINITIALIZED
                  87e30c40    00001000     --HOLE--

.cinit     0    87e31c40    00000bec     
                  87e31c40    0000030c     pool_notifycfg.obj (.cinit)
                  87e31f4c    00000004     --HOLE-- [fill = 0]
                  87e31f50    0000026c     bios.a64P : biosdata.o64P (.cinit)
                  87e321bc    00000004     --HOLE-- [fill = 0]
                  87e321c0    000001a4               : knl.o64P (.cinit)
                  87e32364    00000004     --HOLE-- [fill = 0]
                  87e32368    000000b0               : swi.o64P (.cinit)
                  87e32418    00000070               : tsk.o64P (.cinit)
                  87e32488    00000060               : tsk_stup.o64P (.cinit)
                  87e324e8    00000048     task.obj (.cinit)
                  87e32530    0000003c     bios.a64P : exc.o64P (.cinit)
                  87e3256c    00000004     --HOLE-- [fill = 0]
                  87e32570    00000038     pool_notify_config.obj (.cinit)
                  87e325a8    00000034     bios.a64P : hwi.o64P (.cinit)
                  87e325dc    00000004     --HOLE-- [fill = 0]
                  87e325e0    0000002c               : utl_putc.o64P (.cinit)
                  87e3260c    00000004     --HOLE-- [fill = 0]
                  87e32610    00000028     dsplink.lib : ips.obj (.cinit)
                  87e32638    00000024     bios.a64P : obj_init.o64P (.cinit)
                  87e3265c    00000004     --HOLE-- [fill = 0]
                  87e32660    0000001c               : exc_asm.o64P (.cinit)
                  87e3267c    00000004     --HOLE-- [fill = 0]
                  87e32680    0000001c               : sys.o64P (.cinit)
                  87e3269c    00000004     --HOLE-- [fill = 0]
                  87e326a0    0000001c     dsplinkmpcs.lib : _mpcs.obj (.cinit)
                  87e326bc    00000004     --HOLE-- [fill = 0]
                  87e326c0    0000001c     dsplinkmplist.lib : _mplist.obj (.cinit)
                  87e326dc    00000004     --HOLE-- [fill = 0]
                  87e326e0    0000001c     dsplinknotify.lib : _notify.obj (.cinit)
                  87e326fc    00000004     --HOLE-- [fill = 0]
                  87e32700    0000001c     dsplinkringio.lib : ringio.obj (.cinit)
                  87e3271c    00000004     --HOLE-- [fill = 0]
                  87e32720    0000001c     rts64plus.lib : _lock.obj (.cinit)
                  87e3273c    00000004     --HOLE-- [fill = 0]
                  87e32740    00000018     bios.a64P : knl_tick.o64P (.cinit)
                  87e32758    00000014               : hwi_disp.o64P (.cinit)
                  87e3276c    00000004     --HOLE-- [fill = 0]
                  87e32770    00000014     bios3430.a64P : bcache_table.o64P (.cinit)
                  87e32784    00000004     --HOLE-- [fill = 0]
                  87e32788    00000010     rts64plus.lib : divf.obj (.cinit)
                  87e32798    0000000c     bios.a64P : knl_star.o64P (.cinit)
                  87e327a4    00000004     --HOLE-- [fill = 0]
                  87e327a8    0000000c               : knl_swit.o64P (.cinit)
                  87e327b4    00000004     --HOLE-- [fill = 0]
                  87e327b8    0000000c               : pool.o64P (.cinit)
                  87e327c4    00000004     --HOLE-- [fill = 0]
                  87e327c8    0000000c     bios3430.a64P : bcache_wait.o64P (.cinit)
                  87e327d4    00000004     --HOLE-- [fill = 0]
                  87e327d8    0000000c     dsplink.lib : failure.obj (.cinit)
                  87e327e4    00000004     --HOLE-- [fill = 0]
                  87e327e8    0000000c                 : shm_drv.obj (.cinit)
                  87e327f4    00000004     --HOLE-- [fill = 0]
                  87e327f8    0000000c     dsplinkmsg.lib : dsplinkmqt.obj (.cinit)
                  87e32804    00000004     --HOLE-- [fill = 0]
                  87e32808    0000000a     bios.a64P : pool_init.o64P (.cinit)
                  87e32812    00000006     --HOLE-- [fill = 0]
                  87e32818    0000000a     dsplink.lib : dsplink.obj (.cinit)
                  87e32822    00000006     --HOLE-- [fill = 0]
                  87e32828    00000004     (.pad.cinit) [fill = 0]

.idl       0    87e3282c    00000004     UNINITIALIZED
                  87e3282c    00000004     pool_notifycfg.obj (.idl)

.const     0    87e32830    000006ed     
                  87e32830    00000193     bios.a64P : exc.o64P (.const)
                  87e329c3    00000004               : mem_allo.o64P (.const)
                  87e329c7    00000001     --HOLE-- [fill = 0]
                  87e329c8    00000101     rts64plus.lib : ctype.obj (.const:__ctypes_)
                  87e32ac9    00000003     --HOLE-- [fill = 0]
                  87e32acc    00000050     dsplinkpool.lib : sma_pool.obj (.const:.string)
                  87e32b1c    0000004e     bios.a64P : pool_init.o64P (.const)
                  87e32b6a    0000004e               : tsk_stup.o64P (.const)
                  87e32bb8    0000004c     dsplinkringio.lib : _ringio.obj (.const:.string)
                  87e32c04    00000044     dsplinkmpcs.lib : _mpcs.obj (.const:.string)
                  87e32c48    00000040                     : mpcs.obj (.const:.string)
                  87e32c88    0000003c     dsplink.lib : dsplink.obj (.const:.string)
                  87e32cc4    0000003c                 : shm_drv.obj (.const:.string)
                  87e32d00    00000038                 : dsplinkips.obj (.const:.string)
                  87e32d38    00000038                 : ips.obj (.const:.string)
                  87e32d70    00000038     dsplinkdata.lib : dsplinkdata.obj (.const:.string)
                  87e32da8    00000038     dsplinkmsg.lib : dsplinkmqt.obj (.const:.string)
                  87e32de0    00000034     dsplinknotify.lib : _notify.obj (.const:.string)
                  87e32e14    00000034                       : notify.obj (.const:.string)
                  87e32e48    00000034     dsplinkringio.lib : ringio.obj (.const:.string)
                  87e32e7c    00000028     dsplink.lib : failure.obj (.const:.string)
                  87e32ea4    00000023     bios.a64P : utl_doab.o64P (.const)
                  87e32ec7    00000022               : utl_doer.o64P (.const)
                  87e32ee9    00000003     --HOLE-- [fill = 0]
                  87e32eec    0000001c     dsplinkmplist.lib : _mplist.obj (.const:.string)
                  87e32f08    00000010     dsplinkpool.lib : sma_pool.obj (.const)
                  87e32f18    00000004     bios.a64P : mem_free.o64P (.const)
                  87e32f1c    00000001               : tsk.o64P (.const)

.printf    0    87e32f1d    0000001a     COPY SECTION
                  87e32f1d    0000001a     pool_notifycfg.obj (.printf)

.sysinit   0    87e32f20    00000600     
                  87e32f20    00000300     pool_notifycfg.obj (.sysinit)
                  87e33220    00000120     bios.a64P : pool_init.o64P (.sysinit)
                  87e33340    000000c0               : boot.o64P (.sysinit)
                  87e33400    000000a0               : mem_init.o64P (.sysinit)
                  87e334a0    00000060               : tsk_init.o64P (.sysinit)
                  87e33500    00000020               : obj_init.o64P (.sysinit)

.far       0    87e33520    000004b6     UNINITIALIZED
                  87e33520    00000120     dsplink.lib : ips.obj (.far)
                  87e33640    000000d8     bios.a64P : knl.o64P (.far)
                  87e33718    00000080     dsplinkpool.lib : dsplinkpool.obj (.far)
                  87e33798    0000005c     bios.a64P : tsk.o64P (.far)
                  87e337f4    00000004     bios3430.a64P : bcache_wait.o64P (.far)
                  87e337f8    00000054     bios.a64P : obj_init.o64P (.far)
                  87e3384c    00000050               : tsk_stup.o64P (.far)
                  87e3389c    00000004     bios3430.a64P : clk2430_data.o64P (.far)
                  87e338a0    00000040     task.obj (.far)
                  87e338e0    00000020     bios.a64P : sys.o64P (.far)
                  87e33900    00000020     pool_notify_config.obj (.far)
                  87e33920    00000014     dsplink.lib : hal_interrupt.obj (.far)
                  87e33934    00000010     bios.a64P : exc.o64P (.far)
                  87e33944    00000010               : knl_tick.o64P (.far)
                  87e33954    00000010     dsplink.lib : failure.obj (.far)
                  87e33964    0000000c     bios.a64P : hwi_disp.o64P (.far)
                  87e33970    0000000c               : utl_putc.o64P (.far)
                  87e3397c    0000000c     bios3430.a64P : bcache_table.o64P (.far)
                  87e33988    00000008     dsp_main.obj (.far)
                  87e33990    00000008     dsplinkmpcs.lib : _mpcs.obj (.far)
                  87e33998    00000008     dsplinkmplist.lib : _mplist.obj (.far)
                  87e339a0    00000008     dsplinknotify.lib : _notify.obj (.far)
                  87e339a8    00000008     dsplinkringio.lib : ringio.obj (.far)
                  87e339b0    00000008     rts64plus.lib : _lock.obj (.far)
                  87e339b8    00000008                   : divf.obj (.far)
                  87e339c0    00000004     dsplink.lib : shm_drv.obj (.far)
                  87e339c4    00000004     dsplinkdata.lib : dsplinkdata.obj (.far)
                  87e339c8    00000004     dsplinkmpcs.lib : mpcs.obj (.far)
                  87e339cc    00000004     dsplinkmsg.lib : dsplinkmqt.obj (.far)
                  87e339d0    00000004     pool_notifycfg.obj (.far)
                  87e339d4    00000002     dsplink.lib : dsplink.obj (.far)

.TSK_idle$stk 
*          0    87e339d8    00000400     UNINITIALIZED
                  87e339d8    00000400     pool_notifycfg.obj (.TSK_idle$stk)

.bss       0    87e33dd8    00000336     UNINITIALIZED
                  87e33dd8    00000100     bios.a64P : hwi_disp_asm.o64P (.bss)
                  87e33ed8    000000cc               : biosdata.o64P (.bss)
                  87e33fa4    0000009c               : swi.o64P (.bss)
                  87e34040    00000048               : knl.o64P (.bss)
                  87e34088    00000020               : exc_asm.o64P (.bss)
                  87e340a8    00000018               : hwi.o64P (.bss)
                  87e340c0    00000010               : exc.o64P (.bss)
                  87e340d0    00000010     pool_notifycfg.obj (.bss)
                  87e340e0    0000000c     bios.a64P : tsk.o64P (.bss)
                  87e340ec    00000008               : clk_data.o64P (.bss)
                  87e340f4    00000008               : sys.o64P (.bss)
                  87e340fc    00000004               : clk_data2.o64P (.bss)
                  87e34100    00000004               : knl_star.o64P (.bss)
                  87e34104    00000004               : mem_asm.o64P (.bss)
                  87e34108    00000004               : pool.o64P (.bss)
                  87e3410c    00000002               : pool_init.o64P (.bss)

.trace     0    87e34110    00000200     
                  87e34110    00000200     --HOLE-- [fill = 00000000]

.tsk       0    87e34310    00000060     UNINITIALIZED
                  87e34310    00000060     pool_notifycfg.obj (.tsk)

.sts       0    87e34370    00000010     
                  87e34370    00000010     pool_notifycfg.obj (.sts)

.trace$buf 
*          0    87e34380    00000080     UNINITIALIZED
                  87e34380    00000080     pool_notifycfg.obj (.trace$buf)

.hwi_vec   0    87e34400    00000200     
                  87e34400    00000200     pool_notifycfg.obj (.hwi_vec)

.LOG_system$buf 
*          0    87e34600    00000100     UNINITIALIZED
                  87e34600    00000100     pool_notifycfg.obj (.LOG_system$buf)

.data:DSPLINK_shmBaseAddress 
*          0    87e34700    00000084     
                  87e34700    00000084     dsplink.lib : dsplink.obj (.data:DSPLINK_shmBaseAddress) [fill = c3f05000]

.args      0    87e34784    00000050     
                  87e34784    00000050     --HOLE-- [fill = 0]

.gblinit   0    87e347d4    00000034     
                  87e347d4    00000034     pool_notifycfg.obj (.gblinit)

.log       0    87e34808    00000030     
                  87e34808    00000030     pool_notifycfg.obj (.log)

.swi       0    87e34838    0000002c     UNINITIALIZED
                  87e34838    0000002c     pool_notifycfg.obj (.swi)

.switch    0    87e34864    00000014     
                  87e34864    00000014     dsplinkringio.lib : _ringio.obj (.switch)

.sys       0    87e34878    00000010     UNINITIALIZED
                  87e34878    00000010     pool_notifycfg.obj (.sys)

.trcdata   0    87e34888    0000000c     
                  87e34888    0000000c     bios.a64P : trc.o64P (.trcdata)

.clk       0    87e34894    00000008     UNINITIALIZED
                  87e34894    00000008     pool_notifycfg.obj (.clk)

.idlcal    0    87e3489c    00000004     UNINITIALIZED
                  87e3489c    00000004     pool_notifycfg.obj (.idlcal)

.mem       0    87e348a0    00000004     UNINITIALIZED
                  87e348a0    00000004     pool_notifycfg.obj (.mem)


GLOBAL SYMBOLS: SORTED ALPHABETICALLY BY Name 

address    name
--------   ----
87e33dd8   $bss
87e33dd8   .bss
87e00080   .data
87e20080   .text
87e32f20   BIOS_init
87e33188   BIOS_start
00000000   BUF$
00000001   BUF_ENABLED
ffffffff   CACHE_L1D
ffffffff   CACHE_L1P
ffffffff   CACHE_L2
00000001   CLK$
87e34894   CLK_A_TABBEG
00000001   CLK_CALDIV
00000001   CLK_CALMULT
00050910   CLK_COUNTSPMS
00000005   CLK_COUNTSPMSHIGH
87e33f00   CLK_D_idletime
87e33efc   CLK_D_isrhook
87e33ef8   CLK_D_tabbeg
87e33ef4   CLK_D_timefxn
00000001   CLK_ENABLEHTIME
87e2ef40   CLK_F_getltime
87e2ef50   CLK_F_isr
87e2f0a0   CLK_F_itime
87e2cb00   CLK_HOOKFXN
00000001   CLK_HTIMEDIV
00000001   CLK_HTIMEMULT
00050910   CLK_HTIMEPERLTIME
00004b00   CLK_INPUTCLK
00004000   CLK_INTBIT
00000001   CLK_LTIMEDIV
00050910   CLK_LTIMEMULT
000003e8   CLK_MICROSECS
00004b00   CLK_PRD
00000000   CLK_PRDHIGH
49038000   CLK_REGS
00000000   CLK_RESETTIMER
87e33ef0   CLK_R_time
00000020   CLK_TCR
00000000   CLK_TDDR
00000000   CLK_TDDRHIGH
87e30c20   CLK_TIMEFXN
00000000   CLK_TIMERNUM
00000005   CLK_TIMMODE
00000001   CLK_USETIMER
87e34898   CLK_null
87e340dc   DDR2
87e00080   DDR2$B
00020000   DDR2$L
00000000   DEV$
00000000   DGN$
00000000   DHL$
00000000   DHL_gChannelsAvailable
00000000   DIO$
00000000   DIO_NUMSWIBASE
00000000   DIO_NUMTSKBASE
00000000   DIO_STATIC
00000000   DPI$
ffffffff   DSPLINKMEM
00000000   ECM$
00000000   ECM_ENABLE
ffffffff   ECM_EVTMASK0
ffffffff   ECM_EVTMASK1
ffffffff   ECM_EVTMASK2
ffffffff   ECM_EVTMASK3
0000000a   EVENT10
00000064   EVENT100
00000065   EVENT101
00000066   EVENT102
00000067   EVENT103
00000068   EVENT104
00000069   EVENT105
0000006a   EVENT106
0000006b   EVENT107
0000006c   EVENT108
0000006d   EVENT109
0000000b   EVENT11
0000006e   EVENT110
0000006f   EVENT111
00000070   EVENT112
00000071   EVENT113
00000072   EVENT114
00000073   EVENT115
00000074   EVENT116
00000075   EVENT117
00000076   EVENT118
00000077   EVENT119
0000000c   EVENT12
00000078   EVENT120
00000079   EVENT121
0000007a   EVENT122
0000007b   EVENT123
0000007c   EVENT124
0000007d   EVENT125
0000007e   EVENT126
0000007f   EVENT127
0000000d   EVENT13
0000000e   EVENT14
0000000f   EVENT15
00000010   EVENT16
00000011   EVENT17
00000012   EVENT18
00000013   EVENT19
00000014   EVENT20
00000015   EVENT21
00000016   EVENT22
00000017   EVENT23
00000018   EVENT24
00000019   EVENT25
0000001a   EVENT26
0000001b   EVENT27
0000001c   EVENT28
0000001d   EVENT29
0000001e   EVENT30
0000001f   EVENT31
00000020   EVENT32
00000021   EVENT33
00000022   EVENT34
00000023   EVENT35
00000024   EVENT36
00000025   EVENT37
00000026   EVENT38
00000027   EVENT39
00000004   EVENT4
00000028   EVENT40
00000029   EVENT41
0000002a   EVENT42
0000002b   EVENT43
0000002c   EVENT44
0000002d   EVENT45
0000002e   EVENT46
0000002f   EVENT47
00000030   EVENT48
00000031   EVENT49
00000005   EVENT5
00000032   EVENT50
00000033   EVENT51
00000034   EVENT52
00000035   EVENT53
00000036   EVENT54
00000037   EVENT55
00000038   EVENT56
00000039   EVENT57
0000003a   EVENT58
0000003b   EVENT59
00000006   EVENT6
0000003c   EVENT60
0000003d   EVENT61
0000003e   EVENT62
0000003f   EVENT63
00000040   EVENT64
00000041   EVENT65
00000042   EVENT66
00000043   EVENT67
00000044   EVENT68
00000045   EVENT69
00000007   EVENT7
00000046   EVENT70
00000047   EVENT71
00000048   EVENT72
00000049   EVENT73
0000004a   EVENT74
0000004b   EVENT75
0000004c   EVENT76
0000004d   EVENT77
0000004e   EVENT78
0000004f   EVENT79
00000008   EVENT8
00000050   EVENT80
00000051   EVENT81
00000052   EVENT82
00000053   EVENT83
00000054   EVENT84
00000055   EVENT85
00000056   EVENT86
00000057   EVENT87
00000058   EVENT88
00000059   EVENT89
00000009   EVENT9
0000005a   EVENT90
0000005b   EVENT91
0000005c   EVENT92
0000005d   EVENT93
0000005e   EVENT94
0000005f   EVENT95
00000060   EVENT96
00000061   EVENT97
00000062   EVENT98
00000063   EVENT99
87e30780   FXN_F_nop
87e30784   FXN_F_run
87e307c0   FXN_F_zero
00000001   GBL$
00005205   GBL_A_VERSION
00000000   GBL_BCACHEREADADDR0
00000000   GBL_BCACHEREADADDR1
00000000   GBL_BCACHEREADADDR2
00000000   GBL_BIGENDIAN
00000000   GBL_CACHE
00000000   GBL_CALLCSLCFGINIT
00004e20   GBL_CLKIN
00000d66   GBL_CLKTYPE
00001963   GBL_DSPSUBTYPE
0000003e   GBL_DSPTYPE
00000000   GBL_ENABLEINST
00000000   GBL_ENABLE_SK
00000042   GBL_FOOTPRINT
00050910   GBL_FREQ
00000000   GBL_GEMTRUECOMPEN
00000007   GBL_L1DMODE
00000003   GBL_L1PMODE
00000001   GBL_L2CONFIGURE
00000000   GBL_L2MAR0_31
00000080   GBL_L2MAR128_159
00000000   GBL_L2MAR160_191
00000000   GBL_L2MAR192_223
00000000   GBL_L2MAR224_255
00000000   GBL_L2MAR32_63
00000000   GBL_L2MAR64_95
00000000   GBL_L2MAR96_127
00000001   GBL_L2MODE
00000000   GBL_NULL
00000000   GBL_PROCID
00000000   GBL_ROM
00000000   GBL_SUPPORTCSL
00004000   GBL_TRCMASKVALUE
00000000   GBL_USERINIT
87e30b40   GBL_USERINITFXN
00000001   GBL_boot
87e34890   GBL_initdone
87e30c40   GBL_stackbeg
87e31c3f   GBL_stackend
00000000   GIO$
87e30b40   GIO_CREATEFXN
87e30b40   GIO_DELETEFXN
87e30b40   GIO_PENDFXN
87e30b40   GIO_POSTFXN
00000000   HOOK$
00000000   HOOK_KNLID
00000000   HST$
87e00080   HST_A_TABBEG
87e00080   HST_A_TABEND
00000000   HST_DSM
87e340dc   HST_DSMBUFSEG
00000400   HST_DSMMEMSIZE
87e33f6c   HST_D_chanmask
87e33f70   HST_D_tabbeg
87e33f74   HST_D_tabend
00000100   HST_MAXFRAMEALLOWED
00000000   HST_MAXFRAMESET
00000001   HST_NONE
00000000   HST_RTDX
00000001   HWI$
87e34400   HWI_A_VECS
00004000   HWI_CFGDISPATCHED
87e340b8   HWI_D_bss
87e340bc   HWI_D_ccmask
87e340a8   HWI_D_spsave
00000001   HWI_ENABLE_EXC
87e2cb00   HWI_F_dispatch
00000000   HWI_GENERATE_RESET_VEC
0000000a   HWI_INT10
00000000   HWI_INT10$hwi
0000000b   HWI_INT11
00000000   HWI_INT11$hwi
0000000c   HWI_INT12
00000000   HWI_INT12$hwi
0000000d   HWI_INT13
00000000   HWI_INT13$hwi
0000000e   HWI_INT14
00000000   HWI_INT14$hwi
0000000f   HWI_INT15
00000000   HWI_INT15$hwi
00000004   HWI_INT4
00000000   HWI_INT4$hwi
00000005   HWI_INT5
00000000   HWI_INT5$hwi
00000006   HWI_INT6
00000000   HWI_INT6$hwi
00000007   HWI_INT7
00000000   HWI_INT7$hwi
00000008   HWI_INT8
00000000   HWI_INT8$hwi
00000009   HWI_INT9
00000000   HWI_INT9$hwi
07060504   HWI_INTRMUX1
0a0a0908   HWI_INTRMUX2
34330d0b   HWI_INTRMUX3
00000001   HWI_NMI
00000000   HWI_NMI$hwi
00000000   HWI_POLARITYMASK
00000002   HWI_RESERVED0
00000000   HWI_RESERVED0$hwi
00000003   HWI_RESERVED1
00000000   HWI_RESERVED1$hwi
00000000   HWI_RESET
00000000   HWI_RESET$hwi
00000000   HWI_ZEROTAB
00000000   IDL$
87e3489c   IDL_A_CALBEG
87e3282c   IDL_A_TABBEG
00000000   IDL_CALIBRERROR
00000000   IDL_CALIBRFXN
87e33ee0   IDL_D_calbeg
87e33edc   IDL_D_calibrate
87e33ed8   IDL_D_tabbeg
87e3282c   IDL_END
87e3489c   IDL_END$
87e30ba0   IDL_F_loop
00000000   IDL_USECLKIDLTIME
ffffffff   IRAM
00000001   ISRC$
87e2f3f8   KNL_glue
87e34838   KNL_swi
00000001   KNL_swi$dorta
00000000   KNL_swi$ord
00000000   KNL_swi$pri
87e34374   KNL_swi$sts
87e32f2d   KNL_swi$sts$avgfmt
00000002   KNL_swi$sts$filter
00000001   KNL_swi$sts$filtmaxmult
00000001   KNL_swi$sts$filtsummult
87e32f1d   KNL_swi$sts$maxfmt
87e34370   KNL_swi$sts$stsobj
87e32f25   KNL_swi$sts$sumfmt
00000000   KNL_swi$sts$unittype
00000000   KNL_swi$swi
ffffffff   L1DSRAM
00000001   LCK$
00000001   LOG$
87e34808   LOG_A_TABBEG
87e34838   LOG_A_TABEND
00000002   LOG_A_TABLEN
87e33ee4   LOG_D_system
00000001   LOG_ENABLED
87e304c0   LOG_F_event
87e34808   LOG_system
87e34600   LOG_system$buf
00000000   LOG_system$datatype
00000000   LOG_system$log
00000040   LOG_system$size
00000000   MBX$
00000001   MEM$
87e340dc   MEM_MALLOCSEG
00000000   MEM_NULL
87e340dc   MEM_SEGZERO
00000000   MEM_USEMPC
00000001   MEM_gNumHeap
00000000   MSGQ$
00000000   MSGQ_USEMSGQ
00000000   OBJ$
00000000   PIP$
87e00080   PIP_A_TABBEG
87e00080   PIP_A_TABEND
00000000   PIP_A_TABLEN
87e33ee8   PIP_D_tabbeg
87e33eec   PIP_D_tablen
00000064   PIP_OBJSIZE
00000000   PIP_gNextId
00000000   PIP_gNumEmbed
00000001   POOL$
ffffffff   POOLMEM
00000001   POOL_USEPOOL
00000001   PRD$
87e00080   PRD_A_TABBEG
87e00080   PRD_A_TABEND
00000000   PRD_A_TABLEN
87e33f28   PRD_D_cur
87e33f2c   PRD_D_elapsed
87e33f30   PRD_D_prevtim
87e33f34   PRD_D_scalar
87e33f38   PRD_D_swihandle
87e33f3c   PRD_D_tabbeg
87e33f40   PRD_D_tablen
87e33f44   PRD_D_thook
87e33f24   PRD_D_tick
87e2d4a0   PRD_F_swi
87e2d724   PRD_F_tick
00000001   PRD_SCALAR
00000000   PRD_SWIHANDLE
87e2ebac   PRD_THOOKFXN
87e34894   PRD_clock
00000001   PWRM$
00000000   PWRM_PWRM_CAPSMASK
0000000a   PWRM_PWRM_CLKTICKSPERSLOT
00000000   PWRM_PWRM_ENABLE
00000000   PWRM_PWRM_LOADENABLE
00000001   PWRM_PWRM_NUMSLOTS
00000000   PWRM_PWRM_RESOURCETRACKING
00000000   PWRM_PWRM_SCALING
87e30b40   PWRM_PWRM_SHAREDRESOURCEFXN
87e30b40   PWRM_PWRM_SLOTHOOKFXN
00000000   PWRM_PWRM_TIMERIDNUM
00000000   PWRM_PWRM_TIMERINTRMASK
00000000   PWRM_PWRM_TIMERWUGENMASK
00000000   PWRM_PWRM_USERRESOURCES
00000000   PWRM_PWRM_USETIMER
00000001   QUE$
ffffffff   RESET_VECTOR
87e33f48   RTA_D_fromHost
87e33f50   RTA_D_logval
87e33f60   RTA_D_stsval
87e33f4c   RTA_D_toHost
00000000   RTDX$
00000408   RTDX_BUFMEMSIZE
87e340dc   RTDX_DATAMEMSEG
00000000   RTDX_MODE
00000000   RTDX_USERTDX
00000000   RTDX_USERTEXECUTION
00000000   SEM$
00000000   SIO$
00000000   STS$
87e34370   STS_A_TABBEG
87e34380   STS_A_TABEND
87e3092c   STS_F_add
87e30900   STS_F_delta
87e30948   STS_F_reset
00000001   SWI$
87e34838   SWI_A_TABBEG
87e34864   SWI_A_TABEND
00000001   SWI_A_TABLEN
87e33fbc   SWI_D_curfxn
87e33fac   SWI_D_curmask
87e33fb8   SWI_D_curmbox
87e33fb0   SWI_D_curset
87e33fa8   SWI_D_execaddr
87e33fc4   SWI_D_inswi
87e33fb4   SWI_D_lock
87e33fc0   SWI_D_rdybeg
87e33fc8   SWI_D_rdytab
87e33fa4   SWI_D_runaddr
00000000   SWI_EHOOKFXN
87e2d1c4   SWI_EXECFXN
87e2cfe0   SWI_F_enable
87e2d1c4   SWI_F_exec
87e2d1ec   SWI_F_iexec
87e2d050   SWI_F_post
87e2d26c   SWI_F_run
00000000   SWI_IHOOKFXN
87e2d26c   SWI_RUNFXN
00000001   SYS$
87e34878   SYS$config
87e30b00   SYS_ABORTFXN
87e30be0   SYS_ERRORFXN
87e30c00   SYS_EXITFXN
87e30a20   SYS_PUTCFXN
87e3488c   TRC_R_mask
87e34888   TRC_cinit
00000001   TSK$
00000000   TSK_NUM_HOOKS
00000001   TSK_PRIORITY
00000000   TSK_READYFXN
87e340dc   TSK_STACKSEG
00000400   TSK_STACKSIZE
00000000   TSK_SWITCHFXN
87e30b40   TSK_VCREATEFXN
87e30b40   TSK_VDELETEFXN
87e30b40   TSK_VEXITFXN
87e3431c   TSK_idle
00000000   TSK_idle$ord
00000000   TSK_idle$pri
87e339d8   TSK_idle$stack
87e33d70   TSK_idle$stkptr
00000000   TSK_idle$tsk
00000000   UDEV$
87e2f874   _BCACHE_bootInit
87e2f8f4   _BCACHE_getMar
87e2f8a4   _BCACHE_getSize
87e2feb0   _BCACHE_inv
87e30630   _BCACHE_invL1pAll
87e2f874   _BCACHE_setCacheToSram
87e2f824   _BCACHE_setMar
87e2f7e0   _BCACHE_setSize
87e30640   _BCACHE_wait
87e2fea0   _BCACHE_wb
87e30620   _BCACHE_wbAll
87e2fe8c   _BCACHE_wbInv
87e3060c   _BCACHE_wbInvAll
87e32f20   _BIOS_init
87e33188   _BIOS_start
87e30aac   _C62_clearIFR
87e30a80   _C62_disableIER
87e2e628   _C62_dispatchPlug
87e30a98   _C62_enableIER
87e2e620   _C62_plug
87e30aac   _C64_clearIFR
87e30a80   _C64_disableIER
87e2e628   _C64_dispatchPlug
87e30a98   _C64_enableIER
87e2e620   _C64_plug
ffffffff   _CACHE_L1D
ffffffff   _CACHE_L1P
ffffffff   _CACHE_L2
00050910   _CLK_COUNTSPMS
87e340ec   _CLK_DFLTMICROSECS
87e33f20   _CLK_D_countspms
87e33f14   _CLK_D_dirty
87e340f0   _CLK_D_microseconds
87e33f18   _CLK_D_prd
87e33f1c   _CLK_D_tddr
87e2f0a0   _CLK_F_itime
00004b00   _CLK_PRD
49038000   _CLK_REGS
00000000   _CLK_TDDR
00000000   _CLK_TIMERNUM
00000001   _CLK_USETIMER
87e30c20   _CLK_gethtime
49038000   _CLK_gptimer
87e339d0   _CLK_gptimer_enablemask
87e33f04   _CLK_htimeDiv
87e33f08   _CLK_htimeMult
87e340fc   _CLK_htimePerLtime
87e3389c   _CLK_inputClock
87e2f0a0   _CLK_itime
87e33f0c   _CLK_ltimeDiv
87e33f10   _CLK_ltimeMult
87e2f94c   _CLK_reconfig
87e2e2a4   _CLK_start
87e2e240   _CLK_stop
87e340dc   _DDR2
87e00080   _DDR2_base
00020000   _DDR2_length
87e339c4   _DSPLINKDATA_ctrlPtr
87e2bd40   _DSPLINKDATA_init
87e2b0a0   _DSPLINKIPS_init
ffffffff   _DSPLINKMEM
87e339cc   _DSPLINKMQT_ctrlPtr
87e2bde0   _DSPLINKMQT_init
87e33718   _DSPLINKPOOL_ctrlPtr
87e2ba40   _DSPLINKPOOL_init
87e2b5c0   _DSPLINK_init
87e34700   _DSPLINK_shmBaseAddress
87e34708   _DSPLINK_shmBaseAddress_pad
0000000a   _EVENT10
00000064   _EVENT100
00000065   _EVENT101
00000066   _EVENT102
00000067   _EVENT103
00000068   _EVENT104
00000069   _EVENT105
0000006a   _EVENT106
0000006b   _EVENT107
0000006c   _EVENT108
0000006d   _EVENT109
0000000b   _EVENT11
0000006e   _EVENT110
0000006f   _EVENT111
00000070   _EVENT112
00000071   _EVENT113
00000072   _EVENT114
00000073   _EVENT115
00000074   _EVENT116
00000075   _EVENT117
00000076   _EVENT118
00000077   _EVENT119
0000000c   _EVENT12
00000078   _EVENT120
00000079   _EVENT121
0000007a   _EVENT122
0000007b   _EVENT123
0000007c   _EVENT124
0000007d   _EVENT125
0000007e   _EVENT126
0000007f   _EVENT127
0000000d   _EVENT13
0000000e   _EVENT14
0000000f   _EVENT15
00000010   _EVENT16
00000011   _EVENT17
00000012   _EVENT18
00000013   _EVENT19
00000014   _EVENT20
00000015   _EVENT21
00000016   _EVENT22
00000017   _EVENT23
00000018   _EVENT24
00000019   _EVENT25
0000001a   _EVENT26
0000001b   _EVENT27
0000001c   _EVENT28
0000001d   _EVENT29
0000001e   _EVENT30
0000001f   _EVENT31
00000020   _EVENT32
00000021   _EVENT33
00000022   _EVENT34
00000023   _EVENT35
00000024   _EVENT36
00000025   _EVENT37
00000026   _EVENT38
00000027   _EVENT39
00000004   _EVENT4
00000028   _EVENT40
00000029   _EVENT41
0000002a   _EVENT42
0000002b   _EVENT43
0000002c   _EVENT44
0000002d   _EVENT45
0000002e   _EVENT46
0000002f   _EVENT47
00000030   _EVENT48
00000031   _EVENT49
00000005   _EVENT5
00000032   _EVENT50
00000033   _EVENT51
00000034   _EVENT52
00000035   _EVENT53
00000036   _EVENT54
00000037   _EVENT55
00000038   _EVENT56
00000039   _EVENT57
0000003a   _EVENT58
0000003b   _EVENT59
00000006   _EVENT6
0000003c   _EVENT60
0000003d   _EVENT61
0000003e   _EVENT62
0000003f   _EVENT63
00000040   _EVENT64
00000041   _EVENT65
00000042   _EVENT66
00000043   _EVENT67
00000044   _EVENT68
00000045   _EVENT69
00000007   _EVENT7
00000046   _EVENT70
00000047   _EVENT71
00000048   _EVENT72
00000049   _EVENT73
0000004a   _EVENT74
0000004b   _EVENT75
0000004c   _EVENT76
0000004d   _EVENT77
0000004e   _EVENT78
0000004f   _EVENT79
00000008   _EVENT8
00000050   _EVENT80
00000051   _EVENT81
00000052   _EVENT82
00000053   _EVENT83
00000054   _EVENT84
00000055   _EVENT85
00000056   _EVENT86
00000057   _EVENT87
00000058   _EVENT88
00000059   _EVENT89
00000009   _EVENT9
0000005a   _EVENT90
0000005b   _EVENT91
0000005c   _EVENT92
0000005d   _EVENT93
0000005e   _EVENT94
0000005f   _EVENT95
00000060   _EVENT96
00000061   _EVENT97
00000062   _EVENT98
00000063   _EVENT99
87e2cad0   _EXC_clearLastStatus
87e2e800   _EXC_dispatch
87e2c954   _EXC_exceptionHandler
87e340c0   _EXC_exceptionHook
87e2c920   _EXC_external
87e340c8   _EXC_externalHook
87e2c900   _EXC_getLastStatus
87e2c8c0   _EXC_init
87e2c614   _EXC_internal
87e340c4   _EXC_internalHook
87e2c5e0   _EXC_nmi
87e340cc   _EXC_nmiHook
87e34090   _EXC_returnPtr
87e2e9c4   _EXC_setReturnPtr
87e33934   _EXC_status
87e34088   _EXC_sysTrapTable
87e33960   _FAIL_Code
87e33958   _FAIL_File
87e3395c   _FAIL_Line
87e33954   _FAIL_Set
87e30b40   _FXN_F_nop
87e30784   _FXN_F_run
87e307c0   _FXN_F_zero
00000000   _GBL_CACHE
87e2fac4   _GBL_cacheInit64P
87e33f7c   _GBL_clkIn
87e33f80   _GBL_freq
87e30b60   _GBL_getVersion
87e33f78   _GBL_procId
87e2c494   _HAL_exit
87e2c460   _HAL_init
87e2b010   _HAL_intClear
87e2af68   _HAL_intDisable
87e2af20   _HAL_intEnable
87e2ad60   _HAL_intInit
87e2add8   _HAL_intRegister
87e2aff0   _HAL_intSend
87e2afb0   _HAL_intWaitClear
87e30b80   _HOOK_setenv
87e00080   _HST_A_TABBEG
87e00080   _HST_A_TABEND
87e33964   _HWI_ATTRS
00004000   _HWI_CFGDISPATCHED
87e340b4   _HWI_D_inhwi
87e340a8   _HWI_D_spsave
87e2cb00   _HWI_F_dispatch
0000000a   _HWI_INT10
0000000b   _HWI_INT11
0000000c   _HWI_INT12
0000000d   _HWI_INT13
0000000e   _HWI_INT14
0000000f   _HWI_INT15
00000004   _HWI_INT4
00000005   _HWI_INT5
00000006   _HWI_INT6
00000007   _HWI_INT7
00000008   _HWI_INT8
00000009   _HWI_INT9
00000001   _HWI_NMI
00000002   _HWI_RESERVED0
00000003   _HWI_RESERVED1
00000000   _HWI_RESET
87e31c38   _HWI_STKBOTTOM
87e30c40   _HWI_STKTOP
87e340a8   _HWI_data
87e307e0   _HWI_disable
87e30240   _HWI_dispatchPlug
87e33dd8   _HWI_dispatchTab
87e307f8   _HWI_enable
87e302c0   _HWI_eventMap
87e3080c   _HWI_restore
87e30ba0   _IDL_loop
87e264b8   _IPS_clearReserved
87e24fac   _IPS_exit
87e24cdc   _IPS_init
87e26558   _IPS_isNotReserved
87e25bd0   _IPS_notify
87e25124   _IPS_register
87e26418   _IPS_setReserved
87e2569c   _IPS_unregister
ffffffff   _IRAM
87e34048   _KNL_alarm
87e2fb80   _KNL_check
87e3406c   _KNL_curqueue
87e3405c   _KNL_curtask
87e34064   _KNL_curtime
87e336e0   _KNL_dummy
87e2ffe0   _KNL_enter
87e2ffa0   _KNL_exit
87e2fc48   _KNL_idle
87e34084   _KNL_idlefxn
87e34050   _KNL_inactive
87e30340   _KNL_ipost
87e2fc70   _KNL_max
87e34070   _KNL_maxqueue
87e303c0   _KNL_post
87e34060   _KNL_prevtask
87e34054   _KNL_priority
87e33640   _KNL_queues
87e2f560   _KNL_ready
87e2de00   _KNL_run
87e2f2a0   _KNL_saveIsrFrame
87e34058   _KNL_set
87e3404c   _KNL_setpri
87e30060   _KNL_start
87e34838   _KNL_swi
87e34068   _KNL_swiptr
87e2f34c   _KNL_switch
87e34078   _KNL_tcreatefxn
87e3407c   _KNL_tdeletefxn
87e2ebac   _KNL_tick
87e34080   _KNL_treadyfxn
87e34074   _KNL_tswitchfxn
87e34040   _KNL_wFlag
87e34044   _KNL_wList
ffffffff   _L1DSRAM
87e30460   _LCK_pend
87e30440   _LCK_post
87e34808   _LOG_A_TABBEG
87e34838   _LOG_A_TABEND
00000002   _LOG_A_TABLEN
87e33ee4   _LOG_D_system
87e304c0   _LOG_event
87e34808   _LOG_system
87e34104   _MEM
87e33f84   _MEM_D_NUMSEGMENTS
87e33f8c   _MEM_D_freelist
87e33f90   _MEM_D_lockaddr
87e33f88   _MEM_D_memtab
87e33f94   _MEM_D_unlockaddr
87e2e440   _MEM_alloc
87e2ebc0   _MEM_free
87e33400   _MEM_init
87e340d0   _MEM_memtab
87e306c0   _MEM_valloc
87e33988   _MPCSXFER_BufferSize
87e3398c   _MPCSXFER_NumIterations
87e27524   _MPCS_close
87e2664c   _MPCS_create
87e33994   _MPCS_csObj
87e33990   _MPCS_ctrlPtr
87e26de4   _MPCS_delete
87e27648   _MPCS_enter
87e29970   _MPCS_exit
87e2978c   _MPCS_init
87e278ec   _MPCS_leave
87e273c0   _MPCS_open
87e33998   _MPLIST_ctrlPtr
87e2aad0   _MPLIST_exit
87e2a8ec   _MPLIST_init
87e3399c   _MPLIST_mpcsObj
87e339a0   _NOTIFY_ctrlPtr
87e2b38c   _NOTIFY_init
87e2a248   _NOTIFY_notify
87e339a4   _NOTIFY_numIps
87e29e60   _NOTIFY_register
87e2a01c   _NOTIFY_unregister
87e30540   _OBJ_create
87e30840   _OBJ_delete
87e33500   _OBJ_init
87e33830   _OBJ_segtab
87e337f8   _OBJ_table
87e00080   _PIP_A_TABBEG
87e00080   _PIP_A_TABEND
87e34108   _POOL
ffffffff   _POOLMEM
87e33918   _POOL_config
87e33220   _POOL_init
87e29628   _POOL_open
87e33f24   _PRD_D_tick
87e34894   _PRD_clock
87e30ac0   _QUE_get
87e30ae8   _QUE_put
ffffffff   _RESET_VECTOR
87e339a8   _RingIO_ctrlPtr
87e20498   _RingIO_exit
87e202a8   _RingIO_init
87e339ac   _RingIO_mpcsObj
87e308a0   _SEM_pend
87e2e040   _SEM_pendEnterKnl
87e2fec0   _SEM_post
87e2fec0   _SEM_postBinary
87e30100   _SEM_postEnterKnl
87e2b508   _SHMDRV_handshake
87e2b4a0   _SHMDRV_init
87e32f08   _SMAPOOL_FXNS
87e286f0   _SMAPOOL_alloc
87e28ad8   _SMAPOOL_free
87e28544   _SMAPOOL_init
87e28568   _SMAPOOL_open
87e34370   _STS_A_TABBEG
87e34380   _STS_A_TABEND
87e3092c   _STS_add
87e30900   _STS_delta
87e30948   _STS_reset
87e30bc0   _STS_set
87e33fbc   _SWI_D_curfxn
87e33fac   _SWI_D_curmask
87e33fb0   _SWI_D_curset
87e33fa8   _SWI_D_execaddr
87e33fc4   _SWI_D_inswi
87e33fb4   _SWI_D_lock
87e33fc0   _SWI_D_rdybeg
87e33fa4   _SWI_D_runaddr
87e33fa4   _SWI_data
87e30960   _SWI_disable
87e30984   _SWI_enable
87e2d050   _SWI_post
87e33f98   _SYS
87e34110   _SYS_PUTCBEG
87e3430f   _SYS_PUTCEND
87e309c0   _SYS_abort
87e30720   _SYS_error
87e301a0   _SYS_exit
87e338e0   _SYS_exitStack
87e340f4   _SYS_exitStackPtr
87e340f8   _SYS_exitStackTop
87e33900   _SamplePoolParams
87e2bc80   _SetReason
87e3488c   _TRC_R_mask
87e340e8   _TSK
87e33798   _TSK_ATTRS
87e337b4   _TSK_config
87e2d820   _TSK_create
87e2f6a0   _TSK_exit
87e3431c   _TSK_idle
87e334a0   _TSK_init
87e340e0   _TSK_nTasks
87e340e4   _TSK_pid
87e2f100   _TSK_setup
87e2fd44   _TSK_startup
87e337d4   _TSK_timerSem
87e27b44   _Task_create
87e27dcc   _Task_delete
87e27ce4   _Task_execute
87e30b00   _UTL_doAbort
87e30be0   _UTL_doError
87e30a20   _UTL_doPutc
87e30c00   _UTL_halt
87e337f4   __BCACHE_emifAddr
87e3397c   __BCACHE_readTable
87e2f0bc   __CLK_lat1beg
87e2f0e0   __CLK_lat1end
87e28f1c   __DSPLINK_init
87e33fa0   __HOOK_NUMHOOKS
87e33f9c   __HOOK_knlId
87e2cb00   __HWI_lat1beg
87e2cc88   __HWI_lat1end
87e2cc88   __HWI_lat2beg
87e2ce64   __HWI_lat2end1
87e2cdf0   __HWI_lat2end2
87e2ce80   __HWI_lat3beg
87e2ce20   __HWI_lat3end2
87e2fbcc   __KNL_lat1beg
87e2fc48   __KNL_lat1end
87e304c0   __LOG_lat1beg
87e33874   __MEM_mutex
87e29a00   __MPCS_open
48004000   __PWRM_CM_BASEADDR
5d000000   __PWRM_IVAMMU_BASEADDR
48306000   __PWRM_PRM_BASEADDR
48002000   __PWRM_SCM_BASEADDR
00000000   __PWRM_TIMERBASEADDR
00000020   __PWRM_TIMERINPUTCLK
00000000   __PWRM_TIMERINTRMASK
0000000a   __PWRM_TIMERPERIOD
00000000   __PWRM_USETIMER
87e30ac0   __QUE_lat1beg
87e30ae0   __QUE_lat1end
87e30ae8   __QUE_lat2beg
87e30af4   __QUE_lat2end
87e23834   __RingIO_callNotifier
87e23b20   __RingIO_checkNotifier
87e24474   __RingIO_getContiguousDataSize
87e23f00   __RingIO_getFirstAcquiredAttr
87e24060   __RingIO_getFirstAttr
87e23d34   __RingIO_initInstance
87e24a40   __RingIO_invalidateDataBuffer
87e20aa8   __RingIO_readerAcquire
87e23670   __RingIO_readerCancel
87e229b8   __RingIO_readerFlush
87e21cec   __RingIO_readerGetvAttribute
87e2142c   __RingIO_readerRelease
87e2421c   __RingIO_releaseAttribute
87e24744   __RingIO_updateAttributes
87e20548   __RingIO_writerAcquire
87e231d0   __RingIO_writerCancel
87e221c0   __RingIO_writerFlush
87e21198   __RingIO_writerRelease
87e217fc   __RingIO_writerSetvAttribute
87e2ed80   __SEM_dopost
00001000   __STACK_SIZE
87e2d158   __SWI_lat1beg
87e2d204   __SWI_lat1end
87e2d208   __SWI_lat2beg
87e2d268   __SWI_lat2end
87e2cfe0   __SWI_lat3beg
87e2d04c   __SWI_lat3end
87e3384c   __TSK_mutex
ffffffff   ___TI_pprof_out_hndl
ffffffff   ___TI_prof_data_size
ffffffff   ___TI_prof_data_start
ffffffff   ___binit__
87e33dd8   ___bss__
ffffffff   ___c_args__
87e31c40   ___cinit__
87e00080   ___data__
87e00080   ___edata__
87e3410e   ___end__
87e2c5e0   ___etext__
ffffffff   ___pinit__
87e20080   ___text__
87e2f420   __auto_init
87e2b6c0   __cmpd
87e2c100   __cmpf
87e329c8   __ctypes_
87e2c200   __cvtfd
87e2a380   __divf
87e2b7a0   __divi
87e2bb00   __divu
87e2c180   __fixfu
87e2c3e0   __fltuf
87e2c260   __frcmpyf
87e2be80   __frcmpyf_div
87e339b0   __lock
87e2ab60   __mpyf
87e2c580   __nop
87e2c5a0   __register_lock
87e2c5c0   __register_unlock
87e2bf20   __remu
87e30c40   __stack
87e339b4   __unlock
87e2b880   _atoi
87e338a4   _buf
87e33340   _c_int00
87e2dd98   _calloc
87e338b4   _cols
87e2db60   _free
87e27f3c   _gaussian_smooth
87e338ac   _length
87e2b200   _main
87e2db88   _malloc
87e2dcb8   _memalign
87e2bfc0   _memcpy
87e2b960   _memset
87e338b8   _po
87e33908   _pool_notify_Pools
87e2dbec   _realloc
87e338b0   _rows
87e338a0   _start
87e2c2c0   _strcpy
87e2c320   _strncmp
87e2c060   _strncpy
87e34820   _trace
87e338a8   _windowsize
ffffffff   binit
87e31c40   cinit
87e00080   edata
87e3410e   end
87e2c5e0   etext
87e34400   hwi0
87e34420   hwi1
87e34540   hwi10
87e34560   hwi11
87e34580   hwi12
87e345a0   hwi13
87e345c0   hwi14
87e345e0   hwi15
87e34440   hwi2
87e34460   hwi3
87e34480   hwi4
87e344a0   hwi5
87e344c0   hwi6
87e344e0   hwi7
87e34500   hwi8
87e34520   hwi9
ffffffff   pinit
87e34820   trace
87e34380   trace$buf
00000001   trace$datatype
00000000   trace$log
00000020   trace$size


GLOBAL SYMBOLS: SORTED BY Symbol Address 

address    name
--------   ----
00000000   BUF$
00000000   CLK_PRDHIGH
00000000   CLK_RESETTIMER
00000000   CLK_TDDR
00000000   CLK_TDDRHIGH
00000000   CLK_TIMERNUM
00000000   DEV$
00000000   DGN$
00000000   DHL$
00000000   DHL_gChannelsAvailable
00000000   DIO$
00000000   DIO_NUMSWIBASE
00000000   DIO_NUMTSKBASE
00000000   DIO_STATIC
00000000   DPI$
00000000   ECM$
00000000   ECM_ENABLE
00000000   GBL_BCACHEREADADDR0
00000000   GBL_BCACHEREADADDR1
00000000   GBL_BCACHEREADADDR2
00000000   GBL_BIGENDIAN
00000000   GBL_CACHE
00000000   GBL_CALLCSLCFGINIT
00000000   GBL_ENABLEINST
00000000   GBL_ENABLE_SK
00000000   GBL_GEMTRUECOMPEN
00000000   GBL_L2MAR0_31
00000000   GBL_L2MAR160_191
00000000   GBL_L2MAR192_223
00000000   GBL_L2MAR224_255
00000000   GBL_L2MAR32_63
00000000   GBL_L2MAR64_95
00000000   GBL_L2MAR96_127
00000000   GBL_NULL
00000000   GBL_PROCID
00000000   GBL_ROM
00000000   GBL_SUPPORTCSL
00000000   GBL_USERINIT
00000000   GIO$
00000000   HOOK$
00000000   HOOK_KNLID
00000000   HST$
00000000   HST_DSM
00000000   HST_MAXFRAMESET
00000000   HST_RTDX
00000000   HWI_GENERATE_RESET_VEC
00000000   HWI_INT10$hwi
00000000   HWI_INT11$hwi
00000000   HWI_INT12$hwi
00000000   HWI_INT13$hwi
00000000   HWI_INT14$hwi
00000000   HWI_INT15$hwi
00000000   HWI_INT4$hwi
00000000   HWI_INT5$hwi
00000000   HWI_INT6$hwi
00000000   HWI_INT7$hwi
00000000   HWI_INT8$hwi
00000000   HWI_INT9$hwi
00000000   HWI_NMI$hwi
00000000   HWI_POLARITYMASK
00000000   HWI_RESERVED0$hwi
00000000   HWI_RESERVED1$hwi
00000000   HWI_RESET
00000000   HWI_RESET$hwi
00000000   HWI_ZEROTAB
00000000   IDL$
00000000   IDL_CALIBRERROR
00000000   IDL_CALIBRFXN
00000000   IDL_USECLKIDLTIME
00000000   KNL_swi$ord
00000000   KNL_swi$pri
00000000   KNL_swi$sts$unittype
00000000   KNL_swi$swi
00000000   LOG_system$datatype
00000000   LOG_system$log
00000000   MBX$
00000000   MEM_NULL
00000000   MEM_USEMPC
00000000   MSGQ$
00000000   MSGQ_USEMSGQ
00000000   OBJ$
00000000   PIP$
00000000   PIP_A_TABLEN
00000000   PIP_gNextId
00000000   PIP_gNumEmbed
00000000   PRD_A_TABLEN
00000000   PRD_SWIHANDLE
00000000   PWRM_PWRM_CAPSMASK
00000000   PWRM_PWRM_ENABLE
00000000   PWRM_PWRM_LOADENABLE
00000000   PWRM_PWRM_RESOURCETRACKING
00000000   PWRM_PWRM_SCALING
00000000   PWRM_PWRM_TIMERIDNUM
00000000   PWRM_PWRM_TIMERINTRMASK
00000000   PWRM_PWRM_TIMERWUGENMASK
00000000   PWRM_PWRM_USERRESOURCES
00000000   PWRM_PWRM_USETIMER
00000000   RTDX$
00000000   RTDX_MODE
00000000   RTDX_USERTDX
00000000   RTDX_USERTEXECUTION
00000000   SEM$
00000000   SIO$
00000000   STS$
00000000   SWI_EHOOKFXN
00000000   SWI_IHOOKFXN
00000000   TSK_NUM_HOOKS
00000000   TSK_READYFXN
00000000   TSK_SWITCHFXN
00000000   TSK_idle$ord
00000000   TSK_idle$pri
00000000   TSK_idle$tsk
00000000   UDEV$
00000000   _CLK_TDDR
00000000   _CLK_TIMERNUM
00000000   _GBL_CACHE
00000000   _HWI_RESET
00000000   __PWRM_TIMERBASEADDR
00000000   __PWRM_TIMERINTRMASK
00000000   __PWRM_USETIMER
00000000   trace$log
00000001   BUF_ENABLED
00000001   CLK$
00000001   CLK_CALDIV
00000001   CLK_CALMULT
00000001   CLK_ENABLEHTIME
00000001   CLK_HTIMEDIV
00000001   CLK_HTIMEMULT
00000001   CLK_LTIMEDIV
00000001   CLK_USETIMER
00000001   GBL$
00000001   GBL_L2CONFIGURE
00000001   GBL_L2MODE
00000001   GBL_boot
00000001   HST_NONE
00000001   HWI$
00000001   HWI_ENABLE_EXC
00000001   HWI_NMI
00000001   ISRC$
00000001   KNL_swi$dorta
00000001   KNL_swi$sts$filtmaxmult
00000001   KNL_swi$sts$filtsummult
00000001   LCK$
00000001   LOG$
00000001   LOG_ENABLED
00000001   MEM$
00000001   MEM_gNumHeap
00000001   POOL$
00000001   POOL_USEPOOL
00000001   PRD$
00000001   PRD_SCALAR
00000001   PWRM$
00000001   PWRM_PWRM_NUMSLOTS
00000001   QUE$
00000001   SWI$
00000001   SWI_A_TABLEN
00000001   SYS$
00000001   TSK$
00000001   TSK_PRIORITY
00000001   _CLK_USETIMER
00000001   _HWI_NMI
00000001   trace$datatype
00000002   HWI_RESERVED0
00000002   KNL_swi$sts$filter
00000002   LOG_A_TABLEN
00000002   _HWI_RESERVED0
00000002   _LOG_A_TABLEN
00000003   GBL_L1PMODE
00000003   HWI_RESERVED1
00000003   _HWI_RESERVED1
00000004   EVENT4
00000004   HWI_INT4
00000004   _EVENT4
00000004   _HWI_INT4
00000005   CLK_COUNTSPMSHIGH
00000005   CLK_TIMMODE
00000005   EVENT5
00000005   HWI_INT5
00000005   _EVENT5
00000005   _HWI_INT5
00000006   EVENT6
00000006   HWI_INT6
00000006   _EVENT6
00000006   _HWI_INT6
00000007   EVENT7
00000007   GBL_L1DMODE
00000007   HWI_INT7
00000007   _EVENT7
00000007   _HWI_INT7
00000008   EVENT8
00000008   HWI_INT8
00000008   _EVENT8
00000008   _HWI_INT8
00000009   EVENT9
00000009   HWI_INT9
00000009   _EVENT9
00000009   _HWI_INT9
0000000a   EVENT10
0000000a   HWI_INT10
0000000a   PWRM_PWRM_CLKTICKSPERSLOT
0000000a   _EVENT10
0000000a   _HWI_INT10
0000000a   __PWRM_TIMERPERIOD
0000000b   EVENT11
0000000b   HWI_INT11
0000000b   _EVENT11
0000000b   _HWI_INT11
0000000c   EVENT12
0000000c   HWI_INT12
0000000c   _EVENT12
0000000c   _HWI_INT12
0000000d   EVENT13
0000000d   HWI_INT13
0000000d   _EVENT13
0000000d   _HWI_INT13
0000000e   EVENT14
0000000e   HWI_INT14
0000000e   _EVENT14
0000000e   _HWI_INT14
0000000f   EVENT15
0000000f   HWI_INT15
0000000f   _EVENT15
0000000f   _HWI_INT15
00000010   EVENT16
00000010   _EVENT16
00000011   EVENT17
00000011   _EVENT17
00000012   EVENT18
00000012   _EVENT18
00000013   EVENT19
00000013   _EVENT19
00000014   EVENT20
00000014   _EVENT20
00000015   EVENT21
00000015   _EVENT21
00000016   EVENT22
00000016   _EVENT22
00000017   EVENT23
00000017   _EVENT23
00000018   EVENT24
00000018   _EVENT24
00000019   EVENT25
00000019   _EVENT25
0000001a   EVENT26
0000001a   _EVENT26
0000001b   EVENT27
0000001b   _EVENT27
0000001c   EVENT28
0000001c   _EVENT28
0000001d   EVENT29
0000001d   _EVENT29
0000001e   EVENT30
0000001e   _EVENT30
0000001f   EVENT31
0000001f   _EVENT31
00000020   CLK_TCR
00000020   EVENT32
00000020   _EVENT32
00000020   __PWRM_TIMERINPUTCLK
00000020   trace$size
00000021   EVENT33
00000021   _EVENT33
00000022   EVENT34
00000022   _EVENT34
00000023   EVENT35
00000023   _EVENT35
00000024   EVENT36
00000024   _EVENT36
00000025   EVENT37
00000025   _EVENT37
00000026   EVENT38
00000026   _EVENT38
00000027   EVENT39
00000027   _EVENT39
00000028   EVENT40
00000028   _EVENT40
00000029   EVENT41
00000029   _EVENT41
0000002a   EVENT42
0000002a   _EVENT42
0000002b   EVENT43
0000002b   _EVENT43
0000002c   EVENT44
0000002c   _EVENT44
0000002d   EVENT45
0000002d   _EVENT45
0000002e   EVENT46
0000002e   _EVENT46
0000002f   EVENT47
0000002f   _EVENT47
00000030   EVENT48
00000030   _EVENT48
00000031   EVENT49
00000031   _EVENT49
00000032   EVENT50
00000032   _EVENT50
00000033   EVENT51
00000033   _EVENT51
00000034   EVENT52
00000034   _EVENT52
00000035   EVENT53
00000035   _EVENT53
00000036   EVENT54
00000036   _EVENT54
00000037   EVENT55
00000037   _EVENT55
00000038   EVENT56
00000038   _EVENT56
00000039   EVENT57
00000039   _EVENT57
0000003a   EVENT58
0000003a   _EVENT58
0000003b   EVENT59
0000003b   _EVENT59
0000003c   EVENT60
0000003c   _EVENT60
0000003d   EVENT61
0000003d   _EVENT61
0000003e   EVENT62
0000003e   GBL_DSPTYPE
0000003e   _EVENT62
0000003f   EVENT63
0000003f   _EVENT63
00000040   EVENT64
00000040   LOG_system$size
00000040   _EVENT64
00000041   EVENT65
00000041   _EVENT65
00000042   EVENT66
00000042   GBL_FOOTPRINT
00000042   _EVENT66
00000043   EVENT67
00000043   _EVENT67
00000044   EVENT68
00000044   _EVENT68
00000045   EVENT69
00000045   _EVENT69
00000046   EVENT70
00000046   _EVENT70
00000047   EVENT71
00000047   _EVENT71
00000048   EVENT72
00000048   _EVENT72
00000049   EVENT73
00000049   _EVENT73
0000004a   EVENT74
0000004a   _EVENT74
0000004b   EVENT75
0000004b   _EVENT75
0000004c   EVENT76
0000004c   _EVENT76
0000004d   EVENT77
0000004d   _EVENT77
0000004e   EVENT78
0000004e   _EVENT78
0000004f   EVENT79
0000004f   _EVENT79
00000050   EVENT80
00000050   _EVENT80
00000051   EVENT81
00000051   _EVENT81
00000052   EVENT82
00000052   _EVENT82
00000053   EVENT83
00000053   _EVENT83
00000054   EVENT84
00000054   _EVENT84
00000055   EVENT85
00000055   _EVENT85
00000056   EVENT86
00000056   _EVENT86
00000057   EVENT87
00000057   _EVENT87
00000058   EVENT88
00000058   _EVENT88
00000059   EVENT89
00000059   _EVENT89
0000005a   EVENT90
0000005a   _EVENT90
0000005b   EVENT91
0000005b   _EVENT91
0000005c   EVENT92
0000005c   _EVENT92
0000005d   EVENT93
0000005d   _EVENT93
0000005e   EVENT94
0000005e   _EVENT94
0000005f   EVENT95
0000005f   _EVENT95
00000060   EVENT96
00000060   _EVENT96
00000061   EVENT97
00000061   _EVENT97
00000062   EVENT98
00000062   _EVENT98
00000063   EVENT99
00000063   _EVENT99
00000064   EVENT100
00000064   PIP_OBJSIZE
00000064   _EVENT100
00000065   EVENT101
00000065   _EVENT101
00000066   EVENT102
00000066   _EVENT102
00000067   EVENT103
00000067   _EVENT103
00000068   EVENT104
00000068   _EVENT104
00000069   EVENT105
00000069   _EVENT105
0000006a   EVENT106
0000006a   _EVENT106
0000006b   EVENT107
0000006b   _EVENT107
0000006c   EVENT108
0000006c   _EVENT108
0000006d   EVENT109
0000006d   _EVENT109
0000006e   EVENT110
0000006e   _EVENT110
0000006f   EVENT111
0000006f   _EVENT111
00000070   EVENT112
00000070   _EVENT112
00000071   EVENT113
00000071   _EVENT113
00000072   EVENT114
00000072   _EVENT114
00000073   EVENT115
00000073   _EVENT115
00000074   EVENT116
00000074   _EVENT116
00000075   EVENT117
00000075   _EVENT117
00000076   EVENT118
00000076   _EVENT118
00000077   EVENT119
00000077   _EVENT119
00000078   EVENT120
00000078   _EVENT120
00000079   EVENT121
00000079   _EVENT121
0000007a   EVENT122
0000007a   _EVENT122
0000007b   EVENT123
0000007b   _EVENT123
0000007c   EVENT124
0000007c   _EVENT124
0000007d   EVENT125
0000007d   _EVENT125
0000007e   EVENT126
0000007e   _EVENT126
0000007f   EVENT127
0000007f   _EVENT127
00000080   GBL_L2MAR128_159
00000100   HST_MAXFRAMEALLOWED
000003e8   CLK_MICROSECS
00000400   HST_DSMMEMSIZE
00000400   TSK_STACKSIZE
00000408   RTDX_BUFMEMSIZE
00000d66   GBL_CLKTYPE
00001000   __STACK_SIZE
00001963   GBL_DSPSUBTYPE
00004000   CLK_INTBIT
00004000   GBL_TRCMASKVALUE
00004000   HWI_CFGDISPATCHED
00004000   _HWI_CFGDISPATCHED
00004b00   CLK_INPUTCLK
00004b00   CLK_PRD
00004b00   _CLK_PRD
00004e20   GBL_CLKIN
00005205   GBL_A_VERSION
00020000   DDR2$L
00020000   _DDR2_length
00050910   CLK_COUNTSPMS
00050910   CLK_HTIMEPERLTIME
00050910   CLK_LTIMEMULT
00050910   GBL_FREQ
00050910   _CLK_COUNTSPMS
07060504   HWI_INTRMUX1
0a0a0908   HWI_INTRMUX2
34330d0b   HWI_INTRMUX3
48002000   __PWRM_SCM_BASEADDR
48004000   __PWRM_CM_BASEADDR
48306000   __PWRM_PRM_BASEADDR
49038000   CLK_REGS
49038000   _CLK_REGS
49038000   _CLK_gptimer
5d000000   __PWRM_IVAMMU_BASEADDR
87e00080   .data
87e00080   DDR2$B
87e00080   HST_A_TABBEG
87e00080   HST_A_TABEND
87e00080   PIP_A_TABBEG
87e00080   PIP_A_TABEND
87e00080   PRD_A_TABBEG
87e00080   PRD_A_TABEND
87e00080   _DDR2_base
87e00080   _HST_A_TABBEG
87e00080   _HST_A_TABEND
87e00080   _PIP_A_TABBEG
87e00080   _PIP_A_TABEND
87e00080   ___data__
87e00080   ___edata__
87e00080   edata
87e20080   .text
87e20080   ___text__
87e202a8   _RingIO_init
87e20498   _RingIO_exit
87e20548   __RingIO_writerAcquire
87e20aa8   __RingIO_readerAcquire
87e21198   __RingIO_writerRelease
87e2142c   __RingIO_readerRelease
87e217fc   __RingIO_writerSetvAttribute
87e21cec   __RingIO_readerGetvAttribute
87e221c0   __RingIO_writerFlush
87e229b8   __RingIO_readerFlush
87e231d0   __RingIO_writerCancel
87e23670   __RingIO_readerCancel
87e23834   __RingIO_callNotifier
87e23b20   __RingIO_checkNotifier
87e23d34   __RingIO_initInstance
87e23f00   __RingIO_getFirstAcquiredAttr
87e24060   __RingIO_getFirstAttr
87e2421c   __RingIO_releaseAttribute
87e24474   __RingIO_getContiguousDataSize
87e24744   __RingIO_updateAttributes
87e24a40   __RingIO_invalidateDataBuffer
87e24cdc   _IPS_init
87e24fac   _IPS_exit
87e25124   _IPS_register
87e2569c   _IPS_unregister
87e25bd0   _IPS_notify
87e26418   _IPS_setReserved
87e264b8   _IPS_clearReserved
87e26558   _IPS_isNotReserved
87e2664c   _MPCS_create
87e26de4   _MPCS_delete
87e273c0   _MPCS_open
87e27524   _MPCS_close
87e27648   _MPCS_enter
87e278ec   _MPCS_leave
87e27b44   _Task_create
87e27ce4   _Task_execute
87e27dcc   _Task_delete
87e27f3c   _gaussian_smooth
87e28544   _SMAPOOL_init
87e28568   _SMAPOOL_open
87e286f0   _SMAPOOL_alloc
87e28ad8   _SMAPOOL_free
87e28f1c   __DSPLINK_init
87e29628   _POOL_open
87e2978c   _MPCS_init
87e29970   _MPCS_exit
87e29a00   __MPCS_open
87e29e60   _NOTIFY_register
87e2a01c   _NOTIFY_unregister
87e2a248   _NOTIFY_notify
87e2a380   __divf
87e2a8ec   _MPLIST_init
87e2aad0   _MPLIST_exit
87e2ab60   __mpyf
87e2ad60   _HAL_intInit
87e2add8   _HAL_intRegister
87e2af20   _HAL_intEnable
87e2af68   _HAL_intDisable
87e2afb0   _HAL_intWaitClear
87e2aff0   _HAL_intSend
87e2b010   _HAL_intClear
87e2b0a0   _DSPLINKIPS_init
87e2b200   _main
87e2b38c   _NOTIFY_init
87e2b4a0   _SHMDRV_init
87e2b508   _SHMDRV_handshake
87e2b5c0   _DSPLINK_init
87e2b6c0   __cmpd
87e2b7a0   __divi
87e2b880   _atoi
87e2b960   _memset
87e2ba40   _DSPLINKPOOL_init
87e2bb00   __divu
87e2bc80   _SetReason
87e2bd40   _DSPLINKDATA_init
87e2bde0   _DSPLINKMQT_init
87e2be80   __frcmpyf_div
87e2bf20   __remu
87e2bfc0   _memcpy
87e2c060   _strncpy
87e2c100   __cmpf
87e2c180   __fixfu
87e2c200   __cvtfd
87e2c260   __frcmpyf
87e2c2c0   _strcpy
87e2c320   _strncmp
87e2c3e0   __fltuf
87e2c460   _HAL_init
87e2c494   _HAL_exit
87e2c580   __nop
87e2c5a0   __register_lock
87e2c5c0   __register_unlock
87e2c5e0   _EXC_nmi
87e2c5e0   ___etext__
87e2c5e0   etext
87e2c614   _EXC_internal
87e2c8c0   _EXC_init
87e2c900   _EXC_getLastStatus
87e2c920   _EXC_external
87e2c954   _EXC_exceptionHandler
87e2cad0   _EXC_clearLastStatus
87e2cb00   CLK_HOOKFXN
87e2cb00   HWI_F_dispatch
87e2cb00   _HWI_F_dispatch
87e2cb00   __HWI_lat1beg
87e2cc88   __HWI_lat1end
87e2cc88   __HWI_lat2beg
87e2cdf0   __HWI_lat2end2
87e2ce20   __HWI_lat3end2
87e2ce64   __HWI_lat2end1
87e2ce80   __HWI_lat3beg
87e2cfe0   SWI_F_enable
87e2cfe0   __SWI_lat3beg
87e2d04c   __SWI_lat3end
87e2d050   SWI_F_post
87e2d050   _SWI_post
87e2d158   __SWI_lat1beg
87e2d1c4   SWI_EXECFXN
87e2d1c4   SWI_F_exec
87e2d1ec   SWI_F_iexec
87e2d204   __SWI_lat1end
87e2d208   __SWI_lat2beg
87e2d268   __SWI_lat2end
87e2d26c   SWI_F_run
87e2d26c   SWI_RUNFXN
87e2d4a0   PRD_F_swi
87e2d724   PRD_F_tick
87e2d820   _TSK_create
87e2db60   _free
87e2db88   _malloc
87e2dbec   _realloc
87e2dcb8   _memalign
87e2dd98   _calloc
87e2de00   _KNL_run
87e2e040   _SEM_pendEnterKnl
87e2e240   _CLK_stop
87e2e2a4   _CLK_start
87e2e440   _MEM_alloc
87e2e620   _C62_plug
87e2e620   _C64_plug
87e2e628   _C62_dispatchPlug
87e2e628   _C64_dispatchPlug
87e2e800   _EXC_dispatch
87e2e9c4   _EXC_setReturnPtr
87e2ebac   PRD_THOOKFXN
87e2ebac   _KNL_tick
87e2ebc0   _MEM_free
87e2ed80   __SEM_dopost
87e2ef40   CLK_F_getltime
87e2ef50   CLK_F_isr
87e2f0a0   CLK_F_itime
87e2f0a0   _CLK_F_itime
87e2f0a0   _CLK_itime
87e2f0bc   __CLK_lat1beg
87e2f0e0   __CLK_lat1end
87e2f100   _TSK_setup
87e2f2a0   _KNL_saveIsrFrame
87e2f34c   _KNL_switch
87e2f3f8   KNL_glue
87e2f420   __auto_init
87e2f560   _KNL_ready
87e2f6a0   _TSK_exit
87e2f7e0   _BCACHE_setSize
87e2f824   _BCACHE_setMar
87e2f874   _BCACHE_bootInit
87e2f874   _BCACHE_setCacheToSram
87e2f8a4   _BCACHE_getSize
87e2f8f4   _BCACHE_getMar
87e2f94c   _CLK_reconfig
87e2fac4   _GBL_cacheInit64P
87e2fb80   _KNL_check
87e2fbcc   __KNL_lat1beg
87e2fc48   _KNL_idle
87e2fc48   __KNL_lat1end
87e2fc70   _KNL_max
87e2fd44   _TSK_startup
87e2fe8c   _BCACHE_wbInv
87e2fea0   _BCACHE_wb
87e2feb0   _BCACHE_inv
87e2fec0   _SEM_post
87e2fec0   _SEM_postBinary
87e2ffa0   _KNL_exit
87e2ffe0   _KNL_enter
87e30060   _KNL_start
87e30100   _SEM_postEnterKnl
87e301a0   _SYS_exit
87e30240   _HWI_dispatchPlug
87e302c0   _HWI_eventMap
87e30340   _KNL_ipost
87e303c0   _KNL_post
87e30440   _LCK_post
87e30460   _LCK_pend
87e304c0   LOG_F_event
87e304c0   _LOG_event
87e304c0   __LOG_lat1beg
87e30540   _OBJ_create
87e3060c   _BCACHE_wbInvAll
87e30620   _BCACHE_wbAll
87e30630   _BCACHE_invL1pAll
87e30640   _BCACHE_wait
87e306c0   _MEM_valloc
87e30720   _SYS_error
87e30780   FXN_F_nop
87e30784   FXN_F_run
87e30784   _FXN_F_run
87e307c0   FXN_F_zero
87e307c0   _FXN_F_zero
87e307e0   _HWI_disable
87e307f8   _HWI_enable
87e3080c   _HWI_restore
87e30840   _OBJ_delete
87e308a0   _SEM_pend
87e30900   STS_F_delta
87e30900   _STS_delta
87e3092c   STS_F_add
87e3092c   _STS_add
87e30948   STS_F_reset
87e30948   _STS_reset
87e30960   _SWI_disable
87e30984   _SWI_enable
87e309c0   _SYS_abort
87e30a20   SYS_PUTCFXN
87e30a20   _UTL_doPutc
87e30a80   _C62_disableIER
87e30a80   _C64_disableIER
87e30a98   _C62_enableIER
87e30a98   _C64_enableIER
87e30aac   _C62_clearIFR
87e30aac   _C64_clearIFR
87e30ac0   _QUE_get
87e30ac0   __QUE_lat1beg
87e30ae0   __QUE_lat1end
87e30ae8   _QUE_put
87e30ae8   __QUE_lat2beg
87e30af4   __QUE_lat2end
87e30b00   SYS_ABORTFXN
87e30b00   _UTL_doAbort
87e30b40   GBL_USERINITFXN
87e30b40   GIO_CREATEFXN
87e30b40   GIO_DELETEFXN
87e30b40   GIO_PENDFXN
87e30b40   GIO_POSTFXN
87e30b40   PWRM_PWRM_SHAREDRESOURCEFXN
87e30b40   PWRM_PWRM_SLOTHOOKFXN
87e30b40   TSK_VCREATEFXN
87e30b40   TSK_VDELETEFXN
87e30b40   TSK_VEXITFXN
87e30b40   _FXN_F_nop
87e30b60   _GBL_getVersion
87e30b80   _HOOK_setenv
87e30ba0   IDL_F_loop
87e30ba0   _IDL_loop
87e30bc0   _STS_set
87e30be0   SYS_ERRORFXN
87e30be0   _UTL_doError
87e30c00   SYS_EXITFXN
87e30c00   _UTL_halt
87e30c20   CLK_TIMEFXN
87e30c20   _CLK_gethtime
87e30c40   GBL_stackbeg
87e30c40   _HWI_STKTOP
87e30c40   __stack
87e31c38   _HWI_STKBOTTOM
87e31c3f   GBL_stackend
87e31c40   ___cinit__
87e31c40   cinit
87e3282c   IDL_A_TABBEG
87e3282c   IDL_END
87e329c8   __ctypes_
87e32f08   _SMAPOOL_FXNS
87e32f1d   KNL_swi$sts$maxfmt
87e32f20   BIOS_init
87e32f20   _BIOS_init
87e32f25   KNL_swi$sts$sumfmt
87e32f2d   KNL_swi$sts$avgfmt
87e33188   BIOS_start
87e33188   _BIOS_start
87e33220   _POOL_init
87e33340   _c_int00
87e33400   _MEM_init
87e334a0   _TSK_init
87e33500   _OBJ_init
87e33640   _KNL_queues
87e336e0   _KNL_dummy
87e33718   _DSPLINKPOOL_ctrlPtr
87e33798   _TSK_ATTRS
87e337b4   _TSK_config
87e337d4   _TSK_timerSem
87e337f4   __BCACHE_emifAddr
87e337f8   _OBJ_table
87e33830   _OBJ_segtab
87e3384c   __TSK_mutex
87e33874   __MEM_mutex
87e3389c   _CLK_inputClock
87e338a0   _start
87e338a4   _buf
87e338a8   _windowsize
87e338ac   _length
87e338b0   _rows
87e338b4   _cols
87e338b8   _po
87e338e0   _SYS_exitStack
87e33900   _SamplePoolParams
87e33908   _pool_notify_Pools
87e33918   _POOL_config
87e33934   _EXC_status
87e33954   _FAIL_Set
87e33958   _FAIL_File
87e3395c   _FAIL_Line
87e33960   _FAIL_Code
87e33964   _HWI_ATTRS
87e3397c   __BCACHE_readTable
87e33988   _MPCSXFER_BufferSize
87e3398c   _MPCSXFER_NumIterations
87e33990   _MPCS_ctrlPtr
87e33994   _MPCS_csObj
87e33998   _MPLIST_ctrlPtr
87e3399c   _MPLIST_mpcsObj
87e339a0   _NOTIFY_ctrlPtr
87e339a4   _NOTIFY_numIps
87e339a8   _RingIO_ctrlPtr
87e339ac   _RingIO_mpcsObj
87e339b0   __lock
87e339b4   __unlock
87e339c4   _DSPLINKDATA_ctrlPtr
87e339cc   _DSPLINKMQT_ctrlPtr
87e339d0   _CLK_gptimer_enablemask
87e339d8   TSK_idle$stack
87e33d70   TSK_idle$stkptr
87e33dd8   $bss
87e33dd8   .bss
87e33dd8   _HWI_dispatchTab
87e33dd8   ___bss__
87e33ed8   IDL_D_tabbeg
87e33edc   IDL_D_calibrate
87e33ee0   IDL_D_calbeg
87e33ee4   LOG_D_system
87e33ee4   _LOG_D_system
87e33ee8   PIP_D_tabbeg
87e33eec   PIP_D_tablen
87e33ef0   CLK_R_time
87e33ef4   CLK_D_timefxn
87e33ef8   CLK_D_tabbeg
87e33efc   CLK_D_isrhook
87e33f00   CLK_D_idletime
87e33f04   _CLK_htimeDiv
87e33f08   _CLK_htimeMult
87e33f0c   _CLK_ltimeDiv
87e33f10   _CLK_ltimeMult
87e33f14   _CLK_D_dirty
87e33f18   _CLK_D_prd
87e33f1c   _CLK_D_tddr
87e33f20   _CLK_D_countspms
87e33f24   PRD_D_tick
87e33f24   _PRD_D_tick
87e33f28   PRD_D_cur
87e33f2c   PRD_D_elapsed
87e33f30   PRD_D_prevtim
87e33f34   PRD_D_scalar
87e33f38   PRD_D_swihandle
87e33f3c   PRD_D_tabbeg
87e33f40   PRD_D_tablen
87e33f44   PRD_D_thook
87e33f48   RTA_D_fromHost
87e33f4c   RTA_D_toHost
87e33f50   RTA_D_logval
87e33f60   RTA_D_stsval
87e33f6c   HST_D_chanmask
87e33f70   HST_D_tabbeg
87e33f74   HST_D_tabend
87e33f78   _GBL_procId
87e33f7c   _GBL_clkIn
87e33f80   _GBL_freq
87e33f84   _MEM_D_NUMSEGMENTS
87e33f88   _MEM_D_memtab
87e33f8c   _MEM_D_freelist
87e33f90   _MEM_D_lockaddr
87e33f94   _MEM_D_unlockaddr
87e33f98   _SYS
87e33f9c   __HOOK_knlId
87e33fa0   __HOOK_NUMHOOKS
87e33fa4   SWI_D_runaddr
87e33fa4   _SWI_D_runaddr
87e33fa4   _SWI_data
87e33fa8   SWI_D_execaddr
87e33fa8   _SWI_D_execaddr
87e33fac   SWI_D_curmask
87e33fac   _SWI_D_curmask
87e33fb0   SWI_D_curset
87e33fb0   _SWI_D_curset
87e33fb4   SWI_D_lock
87e33fb4   _SWI_D_lock
87e33fb8   SWI_D_curmbox
87e33fbc   SWI_D_curfxn
87e33fbc   _SWI_D_curfxn
87e33fc0   SWI_D_rdybeg
87e33fc0   _SWI_D_rdybeg
87e33fc4   SWI_D_inswi
87e33fc4   _SWI_D_inswi
87e33fc8   SWI_D_rdytab
87e34040   _KNL_wFlag
87e34044   _KNL_wList
87e34048   _KNL_alarm
87e3404c   _KNL_setpri
87e34050   _KNL_inactive
87e34054   _KNL_priority
87e34058   _KNL_set
87e3405c   _KNL_curtask
87e34060   _KNL_prevtask
87e34064   _KNL_curtime
87e34068   _KNL_swiptr
87e3406c   _KNL_curqueue
87e34070   _KNL_maxqueue
87e34074   _KNL_tswitchfxn
87e34078   _KNL_tcreatefxn
87e3407c   _KNL_tdeletefxn
87e34080   _KNL_treadyfxn
87e34084   _KNL_idlefxn
87e34088   _EXC_sysTrapTable
87e34090   _EXC_returnPtr
87e340a8   HWI_D_spsave
87e340a8   _HWI_D_spsave
87e340a8   _HWI_data
87e340b4   _HWI_D_inhwi
87e340b8   HWI_D_bss
87e340bc   HWI_D_ccmask
87e340c0   _EXC_exceptionHook
87e340c4   _EXC_internalHook
87e340c8   _EXC_externalHook
87e340cc   _EXC_nmiHook
87e340d0   _MEM_memtab
87e340dc   DDR2
87e340dc   HST_DSMBUFSEG
87e340dc   MEM_MALLOCSEG
87e340dc   MEM_SEGZERO
87e340dc   RTDX_DATAMEMSEG
87e340dc   TSK_STACKSEG
87e340dc   _DDR2
87e340e0   _TSK_nTasks
87e340e4   _TSK_pid
87e340e8   _TSK
87e340ec   _CLK_DFLTMICROSECS
87e340f0   _CLK_D_microseconds
87e340f4   _SYS_exitStackPtr
87e340f8   _SYS_exitStackTop
87e340fc   _CLK_htimePerLtime
87e34104   _MEM
87e34108   _POOL
87e3410e   ___end__
87e3410e   end
87e34110   _SYS_PUTCBEG
87e3430f   _SYS_PUTCEND
87e3431c   TSK_idle
87e3431c   _TSK_idle
87e34370   KNL_swi$sts$stsobj
87e34370   STS_A_TABBEG
87e34370   _STS_A_TABBEG
87e34374   KNL_swi$sts
87e34380   STS_A_TABEND
87e34380   _STS_A_TABEND
87e34380   trace$buf
87e34400   HWI_A_VECS
87e34400   hwi0
87e34420   hwi1
87e34440   hwi2
87e34460   hwi3
87e34480   hwi4
87e344a0   hwi5
87e344c0   hwi6
87e344e0   hwi7
87e34500   hwi8
87e34520   hwi9
87e34540   hwi10
87e34560   hwi11
87e34580   hwi12
87e345a0   hwi13
87e345c0   hwi14
87e345e0   hwi15
87e34600   LOG_system$buf
87e34700   _DSPLINK_shmBaseAddress
87e34708   _DSPLINK_shmBaseAddress_pad
87e34808   LOG_A_TABBEG
87e34808   LOG_system
87e34808   _LOG_A_TABBEG
87e34808   _LOG_system
87e34820   _trace
87e34820   trace
87e34838   KNL_swi
87e34838   LOG_A_TABEND
87e34838   SWI_A_TABBEG
87e34838   _KNL_swi
87e34838   _LOG_A_TABEND
87e34864   SWI_A_TABEND
87e34878   SYS$config
87e34888   TRC_cinit
87e3488c   TRC_R_mask
87e3488c   _TRC_R_mask
87e34890   GBL_initdone
87e34894   CLK_A_TABBEG
87e34894   PRD_clock
87e34894   _PRD_clock
87e34898   CLK_null
87e3489c   IDL_A_CALBEG
87e3489c   IDL_END$
ffffffff   CACHE_L1D
ffffffff   CACHE_L1P
ffffffff   CACHE_L2
ffffffff   DSPLINKMEM
ffffffff   ECM_EVTMASK0
ffffffff   ECM_EVTMASK1
ffffffff   ECM_EVTMASK2
ffffffff   ECM_EVTMASK3
ffffffff   IRAM
ffffffff   L1DSRAM
ffffffff   POOLMEM
ffffffff   RESET_VECTOR
ffffffff   _CACHE_L1D
ffffffff   _CACHE_L1P
ffffffff   _CACHE_L2
ffffffff   _DSPLINKMEM
ffffffff   _IRAM
ffffffff   _L1DSRAM
ffffffff   _POOLMEM
ffffffff   _RESET_VECTOR
ffffffff   ___TI_pprof_out_hndl
ffffffff   ___TI_prof_data_size
ffffffff   ___TI_prof_data_start
ffffffff   ___binit__
ffffffff   ___c_args__
ffffffff   ___pinit__
ffffffff   binit
ffffffff   pinit

[1040 symbols]
