******************************************************************************
               TMS320C6x Linker Unix v6.1.17                   
******************************************************************************
>> Linked Tue May  3 04:01:43 2016

OUTPUT FILE NAME:   <Release/helloDSP.out>
ENTRY POINT SYMBOL: "_c_int00"  address: 87e65200


MEMORY CONFIGURATION

         name            origin    length      used     unused   attr    fill
----------------------  --------  ---------  --------  --------  ----  --------
  IRAM                  107f8000   00010000  00000000  00010000  RWIX
  CACHE_L2              10808000   00008000  00000000  00008000  RWIX
  CACHE_L1P             10e04000   00004000  00000000  00004000  RWIX
  L1DSRAM               10f04000   00004000  00000000  00004000  RWIX
  CACHE_L1D             10f10000   00008000  00000000  00008000  RWIX
  RESET_VECTOR          87e00000   00000080  00000000  00000080  RWIX
  DDR2                  87e00080   000fff80  000662cb  00099cb5  RWIX
  DSPLINKMEM            87f00000   00030000  00000000  00030000  RWIX
  POOLMEM               87f30000   000d0000  00000000  000d0000  RWIX


SECTION ALLOCATION MAP

 output                                  attributes/
section   page    origin      length       input sections
--------  ----  ----------  ----------   ----------------
.vers      0    00000000    00000040     COPY SECTION
                  00000000    00000040     helloDSPcfg.obj (.vers)

.pinit     0    87e00080    00000000     UNINITIALIZED

.prd       0    87e00080    00000000     UNINITIALIZED

.far       0    87e00080    0003050a     UNINITIALIZED
                  87e00080    00030020     tskMessage.obj (.far)
                  87e300a0    00000120     dsplink.lib : ips.obj (.far)
                  87e301c0    000000d8     bios.a64P : knl.o64P (.far)
                  87e30298    00000080     dsplinkpool.lib : dsplinkpool.obj (.far)
                  87e30318    00000080     helloDSP_config.obj (.far)
                  87e30398    0000005c     bios.a64P : tsk.o64P (.far)
                  87e303f4    00000004     bios3430.a64P : bcache_wait.o64P (.far)
                  87e303f8    00000054     bios.a64P : obj_init.o64P (.far)
                  87e3044c    00000050               : tsk_stup.o64P (.far)
                  87e3049c    00000004     bios3430.a64P : clk2430_data.o64P (.far)
                  87e304a0    00000020     bios.a64P : sys.o64P (.far)
                  87e304c0    00000016     dsplinkmsg.lib : zcpy_mqt.obj (.far)
                  87e304d6    00000002     dsplink.lib : dsplink.obj (.far)
                  87e304d8    00000014     bios.a64P : swi_seta.o64P (.far)
                  87e304ec    00000004     dsplink.lib : shm_drv.obj (.far)
                  87e304f0    00000014                 : hal_interrupt.obj (.far)
                  87e30504    00000010     bios.a64P : exc.o64P (.far)
                  87e30514    00000010               : knl_tick.o64P (.far)
                  87e30524    0000000c               : hwi_disp.o64P (.far)
                  87e30530    0000000c               : utl_putc.o64P (.far)
                  87e3053c    0000000c     bios3430.a64P : bcache_table.o64P (.far)
                  87e30548    00000008     dsplinkmpcs.lib : _mpcs.obj (.far)
                  87e30550    00000008     dsplinkmplist.lib : _mplist.obj (.far)
                  87e30558    00000008     dsplinknotify.lib : _notify.obj (.far)
                  87e30560    00000008     dsplinkringio.lib : ringio.obj (.far)
                  87e30568    00000008     rts64plus.lib : _lock.obj (.far)
                  87e30570    00000008                   : divf.obj (.far)
                  87e30578    00000004     dsplinkdata.lib : dsplinkdata.obj (.far)
                  87e3057c    00000004     dsplinkmpcs.lib : mpcs.obj (.far)
                  87e30580    00000004     dsplinkmsg.lib : dsplinkmqt.obj (.far)
                  87e30584    00000004     helloDSPcfg.obj (.far)
                  87e30588    00000002     main.obj (.far)

.data      0    87e00080    00000000     UNINITIALIZED

.hst       0    87e00080    00000000     UNINITIALIZED

.pip       0    87e00080    00000000     UNINITIALIZED

.DDR2$heap 
*          0    87e3058a    00020000     UNINITIALIZED
                  87e3058a    00020000     --HOLE--

.sts       0    87e5058c    00000010     
                  87e5058c    00000010     helloDSPcfg.obj (.sts)

.idl       0    87e5059c    00000004     UNINITIALIZED
                  87e5059c    00000004     helloDSPcfg.obj (.idl)

.text      0    87e505a0    00009320     
                  87e505a0    00003060     dsplinkringio.lib : _ringio.obj (.text)
                  87e53600    00000e60     dsplinkmpcs.lib : mpcs.obj (.text)
                  87e54460    00000d40     dsplink.lib : ips.obj (.text)
                  87e551a0    00000b20     tskMessage.obj (.text)
                  87e55cc0    00000640     dsplinkmsg.lib : zcpy_mqt.obj (.text)
                  87e56300    000005a0     dsplink.lib : dsplink.obj (.text)
                  87e568a0    00000580     dsplinkmsg.lib : zcpy_mqt.obj (.text:ZCPYMQT_locate)
                  87e56e20    00000540     dsplinkpool.lib : sma_pool.obj (.text)
                  87e57360    00000500     rts64plus.lib : divf.obj (.text:__divf)
                  87e57860    00000460     dsplinkmpcs.lib : _mpcs.obj (.text)
                  87e57cc0    00000260     dsplinkmsg.lib : zcpy_mqt.obj (.text:ZCPYMQT_open)
                  87e57f20    00000240                    : zcpy_mqt.obj (.text:ZCPYMQT_msgXfer)
                  87e58160    00000200     rts64plus.lib : mpyf.obj (.text:__mpyf)
                  87e58360    00000200     dsplinkmplist.lib : _mplist.obj (.text)
                  87e58560    000001c0     dsplink.lib : hal_interrupt.obj (.text:DSPLINK_init)
                  87e58720    00000140     dsplinkmsg.lib : zcpy_mqt.obj (.text:ZCPYMQT_close)
                  87e58860    00000120     dsplinknotify.lib : notify.obj (.text)
                  87e58980    00000120     main.obj (.text)
                  87e58aa0    00000100     dsplink.lib : hal_interrupt.obj (.text)
                  87e58ba0    000000e0                 : shm_drv.obj (.text:DSPLINK_init)
                  87e58c80    000000e0     rts64plus.lib : cmpd.obj (.text:__cmpd)
                  87e58d60    000000e0                   : atoi.obj (.text:_atoi)
                  87e58e40    000000e0                   : memset.obj (.text:_memset)
                  87e58f20    000000c0     dsplink.lib : dsplink.obj (.text:DSPLINK_init)
                  87e58fe0    000000c0     rts64plus.lib : divu.obj (.text:__divu)
                  87e590a0    000000c0     bios.a64P : tsk_stup.o64P (.text)
                  87e59160    000000c0     dsplinknotify.lib : _notify.obj (.text)
                  87e59220    000000a0     dsplink.lib : dsplinkips.obj (.text:DSPLINK_init)
                  87e592c0    000000a0     dsplinkpool.lib : dsplinkpool.obj (.text:DSPLINK_init)
                  87e59360    000000a0     rts64plus.lib : frcmpyf_div.obj (.text:__frcmpyf_div)
                  87e59400    000000a0                   : remu.obj (.text:__remu)
                  87e594a0    000000a0                   : memcpy64.obj (.text:_memcpy)
                  87e59540    00000080                   : cmpf.obj (.text:__cmpf)
                  87e595c0    00000080                   : fixfu.obj (.text:__fixfu)
                  87e59640    00000060                   : cvtfd.obj (.text:__cvtfd)
                  87e596a0    00000060                   : frcmpyf.obj (.text:__frcmpyf)
                  87e59700    00000040     dsplinkdata.lib : dsplinkdata.obj (.text:DSPLINK_init)
                  87e59740    00000040     dsplinkmsg.lib : dsplinkmqt.obj (.text:DSPLINK_init)
                  87e59780    00000040     rts64plus.lib : fltuf.obj (.text:__fltuf)
                  87e597c0    00000040     dsplink.lib : hal.obj (.text)
                  87e59800    00000020     dsplinkmsg.lib : zcpy_mqt.obj (.text:DSPLINK_init)
                  87e59820    00000020                    : zcpy_mqt.obj (.text:ZCPYMQT_release)
                  87e59840    00000020     rts64plus.lib : divf.obj (.text:___isnanf)
                  87e59860    00000020                   : _lock.obj (.text:__nop)
                  87e59880    00000020                   : _lock.obj (.text:__register_lock)
                  87e598a0    00000020                   : _lock.obj (.text:__register_unlock)

.bios      0    87e598c0    00005360     
                  87e598c0    000005c0     bios.a64P : sys_prin.o64P (.bios)
                  87e59e80    00000520               : exc.o64P (.bios)
                  87e5a3a0    000004e0               : hwi_disp_asm.o64P (.bios)
                  87e5a880    000004c0               : swi.o64P (.bios)
                  87e5ad40    00000380               : prd.o64P (.bios)
                  87e5b0c0    00000340               : tsk_crea.o64P (.bios)
                  87e5b400    00000240               : knl_run.o64P (.bios)
                  87e5b640    00000200               : sem_pend.o64P (.bios)
                  87e5b840    00000200     bios3430.a64P : clk2430.o64P (.bios)
                  87e5ba40    000001e0     bios.a64P : mem_allo.o64P (.bios:.near)
                  87e5bc20    000001e0               : c62_plug.o64P (.bios)
                  87e5be00    000001e0               : exc_asm.o64P (.bios)
                  87e5bfe0    000001e0               : knl_tick.o64P (.bios)
                  87e5c1c0    000001c0               : mem_free.o64P (.bios:.near)
                  87e5c380    000001c0               : sem_dopo.o64P (.bios)
                  87e5c540    000001c0     bios3430.a64P : clk.o64P (.bios)
                  87e5c700    000001a0     bios.a64P : tsk_setu.o64P (.bios)
                  87e5c8a0    00000180               : knl_swit.o64P (.bios)
                  87e5ca20    00000140               : autoinit.o64P (.bios)
                  87e5cb60    00000140               : knl_read.o64P (.bios)
                  87e5cca0    00000140               : msgq_open.o64P (.bios)
                  87e5cde0    00000140               : tsk_exit.o64P (.bios)
                  87e5cf20    00000140     bios3430.a64P : bcache_init.o64P (.bios)
                  87e5d060    00000140                   : clk2430_reconfig.o64P (.bios)
                  87e5d1a0    00000120     bios.a64P : gbl_cacheinit64P.o64P (.bios)
                  87e5d2c0    00000120               : knl_chec.o64P (.bios)
                  87e5d3e0    00000120               : tsk_stup.o64P (.bios)
                  87e5d500    00000100               : msgq_locate.o64P (.bios)
                  87e5d600    00000100               : msgq_stup.o64P (.bios)
                  87e5d700    00000100     bios3430.a64P : bcache_block.o64P (.bios)
                  87e5d800    000000e0     bios.a64P : msgq_locatelocal.o64P (.bios)
                  87e5d8e0    000000e0               : sem_post_asm.o64P (.bios)
                  87e5d9c0    000000c0               : knl_exit.o64P (.bios)
                  87e5da80    000000c0               : msgq_alloc.o64P (.bios)
                  87e5db40    000000a0               : knl_star.o64P (.bios)
                  87e5dbe0    000000a0               : msgq_close.o64P (.bios)
                  87e5dc80    000000a0               : msgq_get.o64P (.bios)
                  87e5dd20    000000a0               : msgq_put.o64P (.bios)
                  87e5ddc0    000000a0               : sem_post.o64P (.bios)
                  87e5de60    000000a0               : swi_seta.o64P (.bios)
                  87e5df00    000000a0               : sys_exit.o64P (.bios)
                  87e5dfa0    00000080               : atm.o64P (.bios)
                  87e5e020    00000080               : hwi_disp.o64P (.bios)
                  87e5e0a0    00000080               : hwi_eventmap64P.o64P (.bios)
                  87e5e120    00000080               : knl_ipos.o64P (.bios)
                  87e5e1a0    00000080               : knl_post.o64P (.bios)
                  87e5e220    00000080               : lck.o64P (.bios)
                  87e5e2a0    00000080               : log.o64P (.bios)
                  87e5e320    00000080               : obj_crea.o64P (.bios)
                  87e5e3a0    00000080               : swi_crea.o64P (.bios)
                  87e5e420    00000080     bios3430.a64P : bcache_all.o64P (.bios)
                  87e5e4a0    00000080                   : bcache_wait.o64P (.bios)
                  87e5e520    00000060     bios.a64P : mem_vall.o64P (.bios:.near)
                  87e5e580    00000060               : sys_erro.o64P (.bios:.near)
                  87e5e5e0    00000060               : fxn.o64P (.bios)
                  87e5e640    00000060               : hwi_c.o64P (.bios)
                  87e5e6a0    00000060               : msgq_release.o64P (.bios)
                  87e5e700    00000060               : obj_dele.o64P (.bios)
                  87e5e760    00000060               : sem_pend_binary.o64P (.bios)
                  87e5e7c0    00000060               : sem_pend_counting.o64P (.bios)
                  87e5e820    00000060               : sts.o64P (.bios)
                  87e5e880    00000060               : swi_disable.o64P (.bios)
                  87e5e8e0    00000060               : sys_abor.o64P (.bios)
                  87e5e940    00000060               : utl_putc.o64P (.bios)
                  87e5e9a0    00000040               : c62_c.o64P (.bios)
                  87e5e9e0    00000040               : msgq_free.o64P (.bios)
                  87e5ea20    00000040               : que_get.o64P (.bios)
                  87e5ea60    00000040               : utl_doab.o64P (.bios)
                  87e5eaa0    00000020               : fxn_c.o64P (.bios)
                  87e5eac0    00000020               : gbl_vers.o64P (.bios)
                  87e5eae0    00000020               : hook_setenv.o64P (.bios)
                  87e5eb00    00000020               : idl.o64P (.bios)
                  87e5eb20    00000020               : log_printf.o64P (.bios)
                  87e5eb40    00000020               : msgq_seterrhandler.o64P (.bios)
                  87e5eb60    00000020               : sts_set.o64P (.bios)
                  87e5eb80    00000020               : swi_dele.o64P (.bios)
                  87e5eba0    00000020               : sys_one.o64P (.bios)
                  87e5ebc0    00000020               : utl_doer.o64P (.bios)
                  87e5ebe0    00000020               : utl_halt.o64P (.bios)
                  87e5ec00    00000020     bios3430.a64P : clk2430_gethtime.o64P (.bios)

.stack     0    87e5ec20    00001000     UNINITIALIZED
                  87e5ec20    00001000     --HOLE--

.bss       0    87e5fc20    0000033e     UNINITIALIZED
                  87e5fc20    00000100     bios.a64P : hwi_disp_asm.o64P (.bss)
                  87e5fd20    000000cc               : biosdata.o64P (.bss)
                  87e5fdec    0000009c               : swi.o64P (.bss)
                  87e5fe88    00000048               : knl.o64P (.bss)
                  87e5fed0    00000020               : exc_asm.o64P (.bss)
                  87e5fef0    00000018               : hwi.o64P (.bss)
                  87e5ff08    00000010               : exc.o64P (.bss)
                  87e5ff18    00000010     helloDSPcfg.obj (.bss)
                  87e5ff28    0000000c     bios.a64P : tsk.o64P (.bss)
                  87e5ff34    00000008               : clk_data.o64P (.bss)
                  87e5ff3c    00000008               : sys.o64P (.bss)
                  87e5ff44    00000004               : clk_data2.o64P (.bss)
                  87e5ff48    00000004               : knl_star.o64P (.bss)
                  87e5ff4c    00000004               : mem_asm.o64P (.bss)
                  87e5ff50    00000004               : msgq.o64P (.bss)
                  87e5ff54    00000004               : pool.o64P (.bss)
                  87e5ff58    00000002               : msgq_init.o64P (.bss)
                  87e5ff5a    00000002               : msgq_stup.o64P (.bss)
                  87e5ff5c    00000002               : pool_init.o64P (.bss)

.tsk       0    87e5ff60    00000060     UNINITIALIZED
                  87e5ff60    00000060     helloDSPcfg.obj (.tsk)

.gblinit   0    87e5ffc0    00000034     
                  87e5ffc0    00000034     helloDSPcfg.obj (.gblinit)

.trcdata   0    87e5fff4    0000000c     
                  87e5fff4    0000000c     bios.a64P : trc.o64P (.trcdata)

.trace$buf 
*          0    87e60000    00004000     UNINITIALIZED
                  87e60000    00004000     helloDSPcfg.obj (.trace$buf)

.cinit     0    87e64000    00000c74     
                  87e64000    0000030c     helloDSPcfg.obj (.cinit)
                  87e6430c    00000004     --HOLE-- [fill = 0]
                  87e64310    0000026c     bios.a64P : biosdata.o64P (.cinit)
                  87e6457c    00000004     --HOLE-- [fill = 0]
                  87e64580    000001a4               : knl.o64P (.cinit)
                  87e64724    00000004     --HOLE-- [fill = 0]
                  87e64728    000000b0               : swi.o64P (.cinit)
                  87e647d8    00000096     helloDSP_config.obj (.cinit)
                  87e6486e    00000002     --HOLE-- [fill = 0]
                  87e64870    00000070     bios.a64P : tsk.o64P (.cinit)
                  87e648e0    00000060               : tsk_stup.o64P (.cinit)
                  87e64940    0000003c               : exc.o64P (.cinit)
                  87e6497c    00000004     --HOLE-- [fill = 0]
                  87e64980    00000034               : hwi.o64P (.cinit)
                  87e649b4    00000004     --HOLE-- [fill = 0]
                  87e649b8    0000002c               : utl_putc.o64P (.cinit)
                  87e649e4    00000004     --HOLE-- [fill = 0]
                  87e649e8    0000002a     dsplinkmsg.lib : zcpy_mqt.obj (.cinit)
                  87e64a12    00000006     --HOLE-- [fill = 0]
                  87e64a18    00000028     dsplink.lib : ips.obj (.cinit)
                  87e64a40    00000024     bios.a64P : obj_init.o64P (.cinit)
                  87e64a64    00000004     --HOLE-- [fill = 0]
                  87e64a68    0000001c               : exc_asm.o64P (.cinit)
                  87e64a84    00000004     --HOLE-- [fill = 0]
                  87e64a88    0000001c               : swi_seta.o64P (.cinit)
                  87e64aa4    00000004     --HOLE-- [fill = 0]
                  87e64aa8    0000001c               : sys.o64P (.cinit)
                  87e64ac4    00000004     --HOLE-- [fill = 0]
                  87e64ac8    0000001c     dsplinkmpcs.lib : _mpcs.obj (.cinit)
                  87e64ae4    00000004     --HOLE-- [fill = 0]
                  87e64ae8    0000001c     dsplinkmplist.lib : _mplist.obj (.cinit)
                  87e64b04    00000004     --HOLE-- [fill = 0]
                  87e64b08    0000001c     dsplinknotify.lib : _notify.obj (.cinit)
                  87e64b24    00000004     --HOLE-- [fill = 0]
                  87e64b28    0000001c     dsplinkringio.lib : ringio.obj (.cinit)
                  87e64b44    00000004     --HOLE-- [fill = 0]
                  87e64b48    0000001c     rts64plus.lib : _lock.obj (.cinit)
                  87e64b64    00000004     --HOLE-- [fill = 0]
                  87e64b68    00000018     bios.a64P : knl_tick.o64P (.cinit)
                  87e64b80    00000014               : hwi_disp.o64P (.cinit)
                  87e64b94    00000004     --HOLE-- [fill = 0]
                  87e64b98    00000014     bios3430.a64P : bcache_table.o64P (.cinit)
                  87e64bac    00000004     --HOLE-- [fill = 0]
                  87e64bb0    00000010     rts64plus.lib : divf.obj (.cinit)
                  87e64bc0    0000000c     bios.a64P : knl_star.o64P (.cinit)
                  87e64bcc    00000004     --HOLE-- [fill = 0]
                  87e64bd0    0000000c               : knl_swit.o64P (.cinit)
                  87e64bdc    00000004     --HOLE-- [fill = 0]
                  87e64be0    0000000c               : msgq.o64P (.cinit)
                  87e64bec    00000004     --HOLE-- [fill = 0]
                  87e64bf0    0000000c               : pool.o64P (.cinit)
                  87e64bfc    00000004     --HOLE-- [fill = 0]
                  87e64c00    0000000c     bios3430.a64P : bcache_wait.o64P (.cinit)
                  87e64c0c    00000004     --HOLE-- [fill = 0]
                  87e64c10    0000000c     dsplink.lib : shm_drv.obj (.cinit)
                  87e64c1c    00000004     --HOLE-- [fill = 0]
                  87e64c20    0000000c     dsplinkmsg.lib : dsplinkmqt.obj (.cinit)
                  87e64c2c    00000004     --HOLE-- [fill = 0]
                  87e64c30    0000000a     bios.a64P : msgq_init.o64P (.cinit)
                  87e64c3a    00000006     --HOLE-- [fill = 0]
                  87e64c40    0000000a               : msgq_stup.o64P (.cinit)
                  87e64c4a    00000006     --HOLE-- [fill = 0]
                  87e64c50    0000000a               : pool_init.o64P (.cinit)
                  87e64c5a    00000006     --HOLE-- [fill = 0]
                  87e64c60    0000000a     dsplink.lib : dsplink.obj (.cinit)
                  87e64c6a    00000006     --HOLE-- [fill = 0]
                  87e64c70    00000004     (.pad.cinit) [fill = 0]

.clk       0    87e64c74    00000008     UNINITIALIZED
                  87e64c74    00000008     helloDSPcfg.obj (.clk)

.idlcal    0    87e64c7c    00000004     UNINITIALIZED
                  87e64c7c    00000004     helloDSPcfg.obj (.idlcal)

.sysinit   0    87e64c80    00000760     
                  87e64c80    00000320     helloDSPcfg.obj (.sysinit)
                  87e64fa0    00000140     bios.a64P : msgq_init.o64P (.sysinit)
                  87e650e0    00000120               : pool_init.o64P (.sysinit)
                  87e65200    000000c0               : boot.o64P (.sysinit)
                  87e652c0    000000a0               : mem_init.o64P (.sysinit)
                  87e65360    00000060               : tsk_init.o64P (.sysinit)
                  87e653c0    00000020               : obj_init.o64P (.sysinit)

.const     0    87e653e0    00000539     
                  87e653e0    00000193     bios.a64P : exc.o64P (.const)
                  87e65573    00000004               : mem_allo.o64P (.const)
                  87e65577    00000001     --HOLE-- [fill = 0]
                  87e65578    00000101     rts64plus.lib : ctype.obj (.const:__ctypes_)
                  87e65679    00000084     tskMessage.obj (.const:.string)
                  87e656fd    0000004e     bios.a64P : pool_init.o64P (.const)
                  87e6574b    0000004e               : tsk_stup.o64P (.const)
                  87e65799    0000002c               : msgq_init.o64P (.const)
                  87e657c5    00000024               : msgq_stup.o64P (.const)
                  87e657e9    00000023               : utl_doab.o64P (.const)
                  87e6580c    00000022               : utl_doer.o64P (.const)
                  87e6582e    0000001c     main.obj (.const:.string)
                  87e6584a    00000019     dsplinkmplist.lib : _mplist.obj (.const:.string)
                  87e65863    00000019     dsplinkringio.lib : _ringio.obj (.const:.string)
                  87e6587c    00000018     bios.a64P : msgq.o64P (.const)
                  87e65894    00000012     dsplinkmpcs.lib : _mpcs.obj (.const:.string)
                  87e658a6    00000012                     : mpcs.obj (.const:.string)
                  87e658b8    00000012     dsplinkmsg.lib : zcpy_mqt.obj (.const:.string)
                  87e658ca    00000012     dsplinkpool.lib : sma_pool.obj (.const:.string)
                  87e658dc    00000004     bios.a64P : mem_free.o64P (.const)
                  87e658e0    00000011               : sys_prin.o64P (.const:_digtohex)
                  87e658f1    00000003     --HOLE-- [fill = 0]
                  87e658f4    00000010     dsplinkpool.lib : sma_pool.obj (.const)
                  87e65904    0000000b     dsplink.lib : dsplink.obj (.const:.string)
                  87e6590f    00000007     bios.a64P : sys_prin.o64P (.const)
                  87e65916    00000002     --HOLE-- [fill = 0]
                  87e65918    00000001               : tsk.o64P (.const)

.printf    0    87e65919    0000001a     COPY SECTION
                  87e65919    0000001a     helloDSPcfg.obj (.printf)

.mem       0    87e6591c    00000004     UNINITIALIZED
                  87e6591c    00000004     helloDSPcfg.obj (.mem)

.TSK_idle$stk 
*          0    87e65920    00000400     UNINITIALIZED
                  87e65920    00000400     helloDSPcfg.obj (.TSK_idle$stk)

.trace     0    87e65d20    00000200     
                  87e65d20    00000200     --HOLE-- [fill = 00000000]

.args      0    87e65f20    00000032     
                  87e65f20    00000032     --HOLE-- [fill = 0]

.log       0    87e65f54    00000030     
                  87e65f54    00000030     helloDSPcfg.obj (.log)

.swi       0    87e65f84    0000002c     UNINITIALIZED
                  87e65f84    0000002c     helloDSPcfg.obj (.swi)

.switch    0    87e65fb0    00000010     
                  87e65fb0    00000010     dsplinkringio.lib : _ringio.obj (.switch)

.sys       0    87e65fc0    00000010     UNINITIALIZED
                  87e65fc0    00000010     helloDSPcfg.obj (.sys)

.hwi_vec   0    87e66000    00000200     
                  87e66000    00000200     helloDSPcfg.obj (.hwi_vec)

.LOG_system$buf 
*          0    87e66200    00000100     UNINITIALIZED
                  87e66200    00000100     helloDSPcfg.obj (.LOG_system$buf)

.data:DSPLINK_shmBaseAddress 
*          0    87e66300    00000084     
                  87e66300    00000084     dsplink.lib : dsplink.obj (.data:DSPLINK_shmBaseAddress) [fill = c3f05000]


GLOBAL SYMBOLS: SORTED ALPHABETICALLY BY Name 

address    name
--------   ----
87e5fc20   $bss
87e5fc20   .bss
87e00080   .data
87e505a0   .text
87e64c80   BIOS_init
87e64ee8   BIOS_start
00000000   BUF$
00000001   BUF_ENABLED
ffffffff   CACHE_L1D
ffffffff   CACHE_L1P
ffffffff   CACHE_L2
00000001   CLK$
87e64c74   CLK_A_TABBEG
00000001   CLK_CALDIV
00000001   CLK_CALMULT
00050910   CLK_COUNTSPMS
00000005   CLK_COUNTSPMSHIGH
87e5fd48   CLK_D_idletime
87e5fd44   CLK_D_isrhook
87e5fd40   CLK_D_tabbeg
87e5fd3c   CLK_D_timefxn
00000001   CLK_ENABLEHTIME
87e5c540   CLK_F_getltime
87e5c550   CLK_F_isr
87e5c6a0   CLK_F_itime
87e5a3a0   CLK_HOOKFXN
00000001   CLK_HTIMEDIV
00000001   CLK_HTIMEMULT
00050910   CLK_HTIMEPERLTIME
00004b00   CLK_INPUTCLK
00004000   CLK_INTBIT
00000001   CLK_LTIMEDIV
00050910   CLK_LTIMEMULT
000003e8   CLK_MICROSECS
00004b00   CLK_PRD
00000000   CLK_PRDHIGH
49038000   CLK_REGS
00000000   CLK_RESETTIMER
87e5fd38   CLK_R_time
00000020   CLK_TCR
00000000   CLK_TDDR
00000000   CLK_TDDRHIGH
87e5ec00   CLK_TIMEFXN
00000000   CLK_TIMERNUM
00000005   CLK_TIMMODE
00000001   CLK_USETIMER
87e64c78   CLK_null
87e5ff24   DDR2
87e3058a   DDR2$B
00020000   DDR2$L
00000000   DEV$
00000000   DGN$
00000000   DHL$
00000000   DHL_gChannelsAvailable
00000000   DIO$
00000000   DIO_NUMSWIBASE
00000000   DIO_NUMTSKBASE
00000000   DIO_STATIC
00000000   DPI$
ffffffff   DSPLINKMEM
00000000   ECM$
00000000   ECM_ENABLE
ffffffff   ECM_EVTMASK0
ffffffff   ECM_EVTMASK1
ffffffff   ECM_EVTMASK2
ffffffff   ECM_EVTMASK3
0000000a   EVENT10
00000064   EVENT100
00000065   EVENT101
00000066   EVENT102
00000067   EVENT103
00000068   EVENT104
00000069   EVENT105
0000006a   EVENT106
0000006b   EVENT107
0000006c   EVENT108
0000006d   EVENT109
0000000b   EVENT11
0000006e   EVENT110
0000006f   EVENT111
00000070   EVENT112
00000071   EVENT113
00000072   EVENT114
00000073   EVENT115
00000074   EVENT116
00000075   EVENT117
00000076   EVENT118
00000077   EVENT119
0000000c   EVENT12
00000078   EVENT120
00000079   EVENT121
0000007a   EVENT122
0000007b   EVENT123
0000007c   EVENT124
0000007d   EVENT125
0000007e   EVENT126
0000007f   EVENT127
0000000d   EVENT13
0000000e   EVENT14
0000000f   EVENT15
00000010   EVENT16
00000011   EVENT17
00000012   EVENT18
00000013   EVENT19
00000014   EVENT20
00000015   EVENT21
00000016   EVENT22
00000017   EVENT23
00000018   EVENT24
00000019   EVENT25
0000001a   EVENT26
0000001b   EVENT27
0000001c   EVENT28
0000001d   EVENT29
0000001e   EVENT30
0000001f   EVENT31
00000020   EVENT32
00000021   EVENT33
00000022   EVENT34
00000023   EVENT35
00000024   EVENT36
00000025   EVENT37
00000026   EVENT38
00000027   EVENT39
00000004   EVENT4
00000028   EVENT40
00000029   EVENT41
0000002a   EVENT42
0000002b   EVENT43
0000002c   EVENT44
0000002d   EVENT45
0000002e   EVENT46
0000002f   EVENT47
00000030   EVENT48
00000031   EVENT49
00000005   EVENT5
00000032   EVENT50
00000033   EVENT51
00000034   EVENT52
00000035   EVENT53
00000036   EVENT54
00000037   EVENT55
00000038   EVENT56
00000039   EVENT57
0000003a   EVENT58
0000003b   EVENT59
00000006   EVENT6
0000003c   EVENT60
0000003d   EVENT61
0000003e   EVENT62
0000003f   EVENT63
00000040   EVENT64
00000041   EVENT65
00000042   EVENT66
00000043   EVENT67
00000044   EVENT68
00000045   EVENT69
00000007   EVENT7
00000046   EVENT70
00000047   EVENT71
00000048   EVENT72
00000049   EVENT73
0000004a   EVENT74
0000004b   EVENT75
0000004c   EVENT76
0000004d   EVENT77
0000004e   EVENT78
0000004f   EVENT79
00000008   EVENT8
00000050   EVENT80
00000051   EVENT81
00000052   EVENT82
00000053   EVENT83
00000054   EVENT84
00000055   EVENT85
00000056   EVENT86
00000057   EVENT87
00000058   EVENT88
00000059   EVENT89
00000009   EVENT9
0000005a   EVENT90
0000005b   EVENT91
0000005c   EVENT92
0000005d   EVENT93
0000005e   EVENT94
0000005f   EVENT95
00000060   EVENT96
00000061   EVENT97
00000062   EVENT98
00000063   EVENT99
87e5e5e0   FXN_F_nop
87e5e5e4   FXN_F_run
87e5e620   FXN_F_zero
00000001   GBL$
00005205   GBL_A_VERSION
00000000   GBL_BCACHEREADADDR0
00000000   GBL_BCACHEREADADDR1
00000000   GBL_BCACHEREADADDR2
00000000   GBL_BIGENDIAN
00000000   GBL_CACHE
00000000   GBL_CALLCSLCFGINIT
00004e20   GBL_CLKIN
00000d66   GBL_CLKTYPE
00001963   GBL_DSPSUBTYPE
0000003e   GBL_DSPTYPE
00000000   GBL_ENABLEINST
00000000   GBL_ENABLE_SK
00000042   GBL_FOOTPRINT
00050910   GBL_FREQ
00000000   GBL_GEMTRUECOMPEN
00000007   GBL_L1DMODE
00000003   GBL_L1PMODE
00000001   GBL_L2CONFIGURE
00000000   GBL_L2MAR0_31
00000080   GBL_L2MAR128_159
00000000   GBL_L2MAR160_191
00000000   GBL_L2MAR192_223
00000000   GBL_L2MAR224_255
00000000   GBL_L2MAR32_63
00000000   GBL_L2MAR64_95
00000000   GBL_L2MAR96_127
00000001   GBL_L2MODE
00000000   GBL_NULL
00000000   GBL_PROCID
00000000   GBL_ROM
00000000   GBL_SUPPORTCSL
00004000   GBL_TRCMASKVALUE
00000000   GBL_USERINIT
87e5eaa0   GBL_USERINITFXN
00000001   GBL_boot
87e5fffc   GBL_initdone
87e5ec20   GBL_stackbeg
87e5fc1f   GBL_stackend
00000000   GIO$
87e5eaa0   GIO_CREATEFXN
87e5eaa0   GIO_DELETEFXN
87e5eaa0   GIO_PENDFXN
87e5eaa0   GIO_POSTFXN
00000000   HOOK$
00000000   HOOK_KNLID
00000000   HST$
87e00080   HST_A_TABBEG
87e00080   HST_A_TABEND
00000000   HST_DSM
87e5ff24   HST_DSMBUFSEG
00000400   HST_DSMMEMSIZE
87e5fdb4   HST_D_chanmask
87e5fdb8   HST_D_tabbeg
87e5fdbc   HST_D_tabend
00000100   HST_MAXFRAMEALLOWED
00000000   HST_MAXFRAMESET
00000001   HST_NONE
00000000   HST_RTDX
00000001   HWI$
87e66000   HWI_A_VECS
00004000   HWI_CFGDISPATCHED
87e5ff00   HWI_D_bss
87e5ff04   HWI_D_ccmask
87e5fef0   HWI_D_spsave
00000001   HWI_ENABLE_EXC
87e5a3a0   HWI_F_dispatch
00000000   HWI_GENERATE_RESET_VEC
0000000a   HWI_INT10
00000000   HWI_INT10$hwi
0000000b   HWI_INT11
00000000   HWI_INT11$hwi
0000000c   HWI_INT12
00000000   HWI_INT12$hwi
0000000d   HWI_INT13
00000000   HWI_INT13$hwi
0000000e   HWI_INT14
00000000   HWI_INT14$hwi
0000000f   HWI_INT15
00000000   HWI_INT15$hwi
00000004   HWI_INT4
00000000   HWI_INT4$hwi
00000005   HWI_INT5
00000000   HWI_INT5$hwi
00000006   HWI_INT6
00000000   HWI_INT6$hwi
00000007   HWI_INT7
00000000   HWI_INT7$hwi
00000008   HWI_INT8
00000000   HWI_INT8$hwi
00000009   HWI_INT9
00000000   HWI_INT9$hwi
07060504   HWI_INTRMUX1
0a0a0908   HWI_INTRMUX2
34330d0b   HWI_INTRMUX3
00000001   HWI_NMI
00000000   HWI_NMI$hwi
00000000   HWI_POLARITYMASK
00000002   HWI_RESERVED0
00000000   HWI_RESERVED0$hwi
00000003   HWI_RESERVED1
00000000   HWI_RESERVED1$hwi
00000000   HWI_RESET
00000000   HWI_RESET$hwi
00000000   HWI_ZEROTAB
00000000   IDL$
87e64c7c   IDL_A_CALBEG
87e5059c   IDL_A_TABBEG
00000000   IDL_CALIBRERROR
00000000   IDL_CALIBRFXN
87e5fd28   IDL_D_calbeg
87e5fd24   IDL_D_calibrate
87e5fd20   IDL_D_tabbeg
87e5059c   IDL_END
87e64c7c   IDL_END$
87e5eb00   IDL_F_loop
00000000   IDL_USECLKIDLTIME
ffffffff   IRAM
00000001   ISRC$
87e5c9f8   KNL_glue
87e65f84   KNL_swi
00000001   KNL_swi$dorta
00000000   KNL_swi$ord
00000000   KNL_swi$pri
87e50590   KNL_swi$sts
87e65929   KNL_swi$sts$avgfmt
00000002   KNL_swi$sts$filter
00000001   KNL_swi$sts$filtmaxmult
00000001   KNL_swi$sts$filtsummult
87e65919   KNL_swi$sts$maxfmt
87e5058c   KNL_swi$sts$stsobj
87e65921   KNL_swi$sts$sumfmt
00000000   KNL_swi$sts$unittype
00000000   KNL_swi$swi
ffffffff   L1DSRAM
00000001   LCK$
00000001   LOG$
87e65f54   LOG_A_TABBEG
87e65f84   LOG_A_TABEND
00000002   LOG_A_TABLEN
87e5fd2c   LOG_D_system
00000001   LOG_ENABLED
87e5e2a0   LOG_F_event
87e65f54   LOG_system
87e66200   LOG_system$buf
00000000   LOG_system$datatype
00000000   LOG_system$log
00000040   LOG_system$size
00000000   MBX$
00000001   MEM$
87e5ff24   MEM_MALLOCSEG
00000000   MEM_NULL
87e5ff24   MEM_SEGZERO
00000000   MEM_USEMPC
00000001   MEM_gNumHeap
00000001   MSGQ$
00000001   MSGQ_USEMSGQ
00000000   OBJ$
00000000   PIP$
87e00080   PIP_A_TABBEG
87e00080   PIP_A_TABEND
00000000   PIP_A_TABLEN
87e5fd30   PIP_D_tabbeg
87e5fd34   PIP_D_tablen
00000064   PIP_OBJSIZE
00000000   PIP_gNextId
00000000   PIP_gNumEmbed
00000001   POOL$
ffffffff   POOLMEM
00000001   POOL_USEPOOL
00000001   PRD$
87e00080   PRD_A_TABBEG
87e00080   PRD_A_TABEND
00000000   PRD_A_TABLEN
87e5fd70   PRD_D_cur
87e5fd74   PRD_D_elapsed
87e5fd78   PRD_D_prevtim
87e5fd7c   PRD_D_scalar
87e5fd80   PRD_D_swihandle
87e5fd84   PRD_D_tabbeg
87e5fd88   PRD_D_tablen
87e5fd8c   PRD_D_thook
87e5fd6c   PRD_D_tick
87e5ad40   PRD_F_swi
87e5afc4   PRD_F_tick
00000001   PRD_SCALAR
00000000   PRD_SWIHANDLE
87e5c1ac   PRD_THOOKFXN
87e64c74   PRD_clock
00000001   PWRM$
00000000   PWRM_PWRM_CAPSMASK
0000000a   PWRM_PWRM_CLKTICKSPERSLOT
00000000   PWRM_PWRM_ENABLE
00000000   PWRM_PWRM_LOADENABLE
00000001   PWRM_PWRM_NUMSLOTS
00000000   PWRM_PWRM_RESOURCETRACKING
00000000   PWRM_PWRM_SCALING
87e5eaa0   PWRM_PWRM_SHAREDRESOURCEFXN
87e5eaa0   PWRM_PWRM_SLOTHOOKFXN
00000000   PWRM_PWRM_TIMERIDNUM
00000000   PWRM_PWRM_TIMERINTRMASK
00000000   PWRM_PWRM_TIMERWUGENMASK
00000000   PWRM_PWRM_USERRESOURCES
00000000   PWRM_PWRM_USETIMER
00000001   QUE$
ffffffff   RESET_VECTOR
87e5fd90   RTA_D_fromHost
87e5fd98   RTA_D_logval
87e5fda8   RTA_D_stsval
87e5fd94   RTA_D_toHost
00000000   RTDX$
00000408   RTDX_BUFMEMSIZE
87e5ff24   RTDX_DATAMEMSEG
00000000   RTDX_MODE
00000000   RTDX_USERTDX
00000000   RTDX_USERTEXECUTION
00000000   SEM$
00000000   SIO$
00000000   STS$
87e5058c   STS_A_TABBEG
87e5059c   STS_A_TABEND
87e5e84c   STS_F_add
87e5e820   STS_F_delta
87e5e868   STS_F_reset
00000001   SWI$
87e65f84   SWI_A_TABBEG
87e65fb0   SWI_A_TABEND
00000001   SWI_A_TABLEN
87e5fe04   SWI_D_curfxn
87e5fdf4   SWI_D_curmask
87e5fe00   SWI_D_curmbox
87e5fdf8   SWI_D_curset
87e5fdf0   SWI_D_execaddr
87e5fe0c   SWI_D_inswi
87e5fdfc   SWI_D_lock
87e5fe08   SWI_D_rdybeg
87e5fe10   SWI_D_rdytab
87e5fdec   SWI_D_runaddr
00000000   SWI_EHOOKFXN
87e5aa64   SWI_EXECFXN
87e5a880   SWI_F_enable
87e5aa64   SWI_F_exec
87e5aa8c   SWI_F_iexec
87e5a8f0   SWI_F_post
87e5ab0c   SWI_F_run
00000000   SWI_IHOOKFXN
87e5ab0c   SWI_RUNFXN
00000001   SYS$
87e65fc0   SYS$config
87e5ea60   SYS_ABORTFXN
87e5ebc0   SYS_ERRORFXN
87e5ebe0   SYS_EXITFXN
87e5e940   SYS_PUTCFXN
87e5fff8   TRC_R_mask
87e5fff4   TRC_cinit
00000001   TSK$
00000000   TSK_NUM_HOOKS
00000001   TSK_PRIORITY
00000000   TSK_READYFXN
87e5ff24   TSK_STACKSEG
00000400   TSK_STACKSIZE
00000000   TSK_SWITCHFXN
87e5eaa0   TSK_VCREATEFXN
87e5eaa0   TSK_VDELETEFXN
87e5eaa0   TSK_VEXITFXN
87e5ff6c   TSK_idle
00000000   TSK_idle$ord
00000000   TSK_idle$pri
87e65920   TSK_idle$stack
87e65cb8   TSK_idle$stkptr
00000000   TSK_idle$tsk
00000000   UDEV$
87e5dfa0   _ATM_andi
87e5dfa0   _ATM_andu
87e5dfb0   _ATM_cleari
87e5dfb0   _ATM_clearu
87e5dfc0   _ATM_deci
87e5dfc0   _ATM_decu
87e5dfd0   _ATM_inci
87e5dfd0   _ATM_incu
87e5dfe4   _ATM_ori
87e5dfe4   _ATM_oru
87e5dff4   _ATM_seti
87e5dff4   _ATM_setu
87e5cfb4   _BCACHE_bootInit
87e5d034   _BCACHE_getMar
87e5cfe4   _BCACHE_getSize
87e5d7f0   _BCACHE_inv
87e5e490   _BCACHE_invL1pAll
87e5cfb4   _BCACHE_setCacheToSram
87e5cf64   _BCACHE_setMar
87e5cf20   _BCACHE_setSize
87e5e4a0   _BCACHE_wait
87e5d7e0   _BCACHE_wb
87e5e480   _BCACHE_wbAll
87e5d7cc   _BCACHE_wbInv
87e5e46c   _BCACHE_wbInvAll
87e64c80   _BIOS_init
87e64ee8   _BIOS_start
87e5e9cc   _C62_clearIFR
87e5e9a0   _C62_disableIER
87e5bc28   _C62_dispatchPlug
87e5e9b8   _C62_enableIER
87e5bc20   _C62_plug
87e5e9cc   _C64_clearIFR
87e5e9a0   _C64_disableIER
87e5bc28   _C64_dispatchPlug
87e5e9b8   _C64_enableIER
87e5bc20   _C64_plug
ffffffff   _CACHE_L1D
ffffffff   _CACHE_L1P
ffffffff   _CACHE_L2
00050910   _CLK_COUNTSPMS
87e5ff34   _CLK_DFLTMICROSECS
87e5fd68   _CLK_D_countspms
87e5fd5c   _CLK_D_dirty
87e5ff38   _CLK_D_microseconds
87e5fd60   _CLK_D_prd
87e5fd64   _CLK_D_tddr
87e5c6a0   _CLK_F_itime
00004b00   _CLK_PRD
49038000   _CLK_REGS
00000000   _CLK_TDDR
00000000   _CLK_TIMERNUM
00000001   _CLK_USETIMER
87e5ec00   _CLK_gethtime
49038000   _CLK_gptimer
87e30584   _CLK_gptimer_enablemask
87e5fd4c   _CLK_htimeDiv
87e5fd50   _CLK_htimeMult
87e5ff44   _CLK_htimePerLtime
87e3049c   _CLK_inputClock
87e5c6a0   _CLK_itime
87e5fd54   _CLK_ltimeDiv
87e5fd58   _CLK_ltimeMult
87e5d08c   _CLK_reconfig
87e5b8a4   _CLK_start
87e5b840   _CLK_stop
87e5ff24   _DDR2
87e3058a   _DDR2_base
00020000   _DDR2_length
87e30578   _DSPLINKDATA_ctrlPtr
87e59700   _DSPLINKDATA_init
87e59220   _DSPLINKIPS_init
ffffffff   _DSPLINKMEM
87e30580   _DSPLINKMQT_ctrlPtr
87e59740   _DSPLINKMQT_init
87e30298   _DSPLINKPOOL_ctrlPtr
87e592c0   _DSPLINKPOOL_init
87e58f20   _DSPLINK_init
87e66300   _DSPLINK_shmBaseAddress
87e66308   _DSPLINK_shmBaseAddress_pad
0000000a   _EVENT10
00000064   _EVENT100
00000065   _EVENT101
00000066   _EVENT102
00000067   _EVENT103
00000068   _EVENT104
00000069   _EVENT105
0000006a   _EVENT106
0000006b   _EVENT107
0000006c   _EVENT108
0000006d   _EVENT109
0000000b   _EVENT11
0000006e   _EVENT110
0000006f   _EVENT111
00000070   _EVENT112
00000071   _EVENT113
00000072   _EVENT114
00000073   _EVENT115
00000074   _EVENT116
00000075   _EVENT117
00000076   _EVENT118
00000077   _EVENT119
0000000c   _EVENT12
00000078   _EVENT120
00000079   _EVENT121
0000007a   _EVENT122
0000007b   _EVENT123
0000007c   _EVENT124
0000007d   _EVENT125
0000007e   _EVENT126
0000007f   _EVENT127
0000000d   _EVENT13
0000000e   _EVENT14
0000000f   _EVENT15
00000010   _EVENT16
00000011   _EVENT17
00000012   _EVENT18
00000013   _EVENT19
00000014   _EVENT20
00000015   _EVENT21
00000016   _EVENT22
00000017   _EVENT23
00000018   _EVENT24
00000019   _EVENT25
0000001a   _EVENT26
0000001b   _EVENT27
0000001c   _EVENT28
0000001d   _EVENT29
0000001e   _EVENT30
0000001f   _EVENT31
00000020   _EVENT32
00000021   _EVENT33
00000022   _EVENT34
00000023   _EVENT35
00000024   _EVENT36
00000025   _EVENT37
00000026   _EVENT38
00000027   _EVENT39
00000004   _EVENT4
00000028   _EVENT40
00000029   _EVENT41
0000002a   _EVENT42
0000002b   _EVENT43
0000002c   _EVENT44
0000002d   _EVENT45
0000002e   _EVENT46
0000002f   _EVENT47
00000030   _EVENT48
00000031   _EVENT49
00000005   _EVENT5
00000032   _EVENT50
00000033   _EVENT51
00000034   _EVENT52
00000035   _EVENT53
00000036   _EVENT54
00000037   _EVENT55
00000038   _EVENT56
00000039   _EVENT57
0000003a   _EVENT58
0000003b   _EVENT59
00000006   _EVENT6
0000003c   _EVENT60
0000003d   _EVENT61
0000003e   _EVENT62
0000003f   _EVENT63
00000040   _EVENT64
00000041   _EVENT65
00000042   _EVENT66
00000043   _EVENT67
00000044   _EVENT68
00000045   _EVENT69
00000007   _EVENT7
00000046   _EVENT70
00000047   _EVENT71
00000048   _EVENT72
00000049   _EVENT73
0000004a   _EVENT74
0000004b   _EVENT75
0000004c   _EVENT76
0000004d   _EVENT77
0000004e   _EVENT78
0000004f   _EVENT79
00000008   _EVENT8
00000050   _EVENT80
00000051   _EVENT81
00000052   _EVENT82
00000053   _EVENT83
00000054   _EVENT84
00000055   _EVENT85
00000056   _EVENT86
00000057   _EVENT87
00000058   _EVENT88
00000059   _EVENT89
00000009   _EVENT9
0000005a   _EVENT90
0000005b   _EVENT91
0000005c   _EVENT92
0000005d   _EVENT93
0000005e   _EVENT94
0000005f   _EVENT95
00000060   _EVENT96
00000061   _EVENT97
00000062   _EVENT98
00000063   _EVENT99
87e5a370   _EXC_clearLastStatus
87e5be00   _EXC_dispatch
87e5a1f4   _EXC_exceptionHandler
87e5ff08   _EXC_exceptionHook
87e5a1c0   _EXC_external
87e5ff10   _EXC_externalHook
87e5a1a0   _EXC_getLastStatus
87e5a160   _EXC_init
87e59eb4   _EXC_internal
87e5ff0c   _EXC_internalHook
87e59e80   _EXC_nmi
87e5ff14   _EXC_nmiHook
87e5fed8   _EXC_returnPtr
87e5bfc4   _EXC_setReturnPtr
87e30504   _EXC_status
87e5fed0   _EXC_sysTrapTable
87e5eaa0   _FXN_F_nop
87e5e5e4   _FXN_F_run
87e5e620   _FXN_F_zero
00000000   _GBL_CACHE
87e5d204   _GBL_cacheInit64P
87e5fdc4   _GBL_clkIn
87e5fdc8   _GBL_freq
87e5eac0   _GBL_getVersion
87e5fdc0   _GBL_procId
87e597e8   _HAL_exit
87e597c0   _HAL_init
87e58b78   _HAL_intClear
87e58b4c   _HAL_intDisable
87e58b20   _HAL_intEnable
87e58680   _HAL_intInit
87e58560   _HAL_intRegister
87e58b10   _HAL_intSend
87e58aa0   _HAL_intWaitClear
87e5eae0   _HOOK_setenv
87e00080   _HST_A_TABBEG
87e00080   _HST_A_TABEND
87e30524   _HWI_ATTRS
00004000   _HWI_CFGDISPATCHED
87e5fefc   _HWI_D_inhwi
87e5fef0   _HWI_D_spsave
87e5a3a0   _HWI_F_dispatch
0000000a   _HWI_INT10
0000000b   _HWI_INT11
0000000c   _HWI_INT12
0000000d   _HWI_INT13
0000000e   _HWI_INT14
0000000f   _HWI_INT15
00000004   _HWI_INT4
00000005   _HWI_INT5
00000006   _HWI_INT6
00000007   _HWI_INT7
00000008   _HWI_INT8
00000009   _HWI_INT9
00000001   _HWI_NMI
00000002   _HWI_RESERVED0
00000003   _HWI_RESERVED1
00000000   _HWI_RESET
87e5fc18   _HWI_STKBOTTOM
87e5ec20   _HWI_STKTOP
87e5fef0   _HWI_data
87e5e640   _HWI_disable
87e5e020   _HWI_dispatchPlug
87e5fc20   _HWI_dispatchTab
87e5e658   _HWI_enable
87e5e0a0   _HWI_eventMap
87e5e66c   _HWI_restore
87e5eb00   _IDL_loop
87e54fd8   _IPS_clearReserved
87e54f24   _IPS_exit
87e54dc0   _IPS_init
87e54838   _IPS_isNotReserved
87e54bb4   _IPS_notify
87e54860   _IPS_register
87e54810   _IPS_setReserved
87e54460   _IPS_unregister
ffffffff   _IRAM
87e5fe90   _KNL_alarm
87e5d2c0   _KNL_check
87e5feb4   _KNL_curqueue
87e5fea4   _KNL_curtask
87e5feac   _KNL_curtime
87e30260   _KNL_dummy
87e5da00   _KNL_enter
87e5d9c0   _KNL_exit
87e5d388   _KNL_idle
87e5fecc   _KNL_idlefxn
87e5fe98   _KNL_inactive
87e5e120   _KNL_ipost
87e5d3b0   _KNL_max
87e5feb8   _KNL_maxqueue
87e5e1a0   _KNL_post
87e5fea8   _KNL_prevtask
87e5fe9c   _KNL_priority
87e301c0   _KNL_queues
87e5cb60   _KNL_ready
87e5b400   _KNL_run
87e5c8a0   _KNL_saveIsrFrame
87e5fea0   _KNL_set
87e5fe94   _KNL_setpri
87e5db40   _KNL_start
87e65f84   _KNL_swi
87e5feb0   _KNL_swiptr
87e5c94c   _KNL_switch
87e5fec0   _KNL_tcreatefxn
87e5fec4   _KNL_tdeletefxn
87e5c1ac   _KNL_tick
87e5fec8   _KNL_treadyfxn
87e5febc   _KNL_tswitchfxn
87e5fe88   _KNL_wFlag
87e5fe8c   _KNL_wList
ffffffff   _L1DSRAM
87e5e240   _LCK_pend
87e5e220   _LCK_post
87e65f54   _LOG_A_TABBEG
87e65f84   _LOG_A_TABEND
00000002   _LOG_A_TABLEN
87e5fd2c   _LOG_D_system
87e5e2a0   _LOG_event
87e5eb20   _LOG_printf
87e65f54   _LOG_system
87e5ff4c   _MEM
87e5fdcc   _MEM_D_NUMSEGMENTS
87e5fdd4   _MEM_D_freelist
87e5fdd8   _MEM_D_lockaddr
87e5fdd0   _MEM_D_memtab
87e5fddc   _MEM_D_unlockaddr
87e5ba40   _MEM_alloc
87e5c1c0   _MEM_free
87e652c0   _MEM_init
87e5ff18   _MEM_memtab
87e5e520   _MEM_valloc
87e54394   _MPCS_close
87e53e44   _MPCS_create
87e3054c   _MPCS_csObj
87e30548   _MPCS_ctrlPtr
87e53980   _MPCS_delete
87e5378c   _MPCS_enter
87e57c54   _MPCS_exit
87e57ad4   _MPCS_init
87e53660   _MPCS_leave
87e53600   _MPCS_open
87e30550   _MPLIST_ctrlPtr
87e584e0   _MPLIST_exit
87e58360   _MPLIST_init
87e30554   _MPLIST_mpcsObj
87e5ff50   _MSGQ
87e6587c   _MSGQ_ATTRS
87e6588c   _MSGQ_LOCATEASYNCATTRS
87e65888   _MSGQ_LOCATEATTRS
87e5da80   _MSGQ_alloc
87e5dbe0   _MSGQ_close
87e30368   _MSGQ_config
87e5e9e0   _MSGQ_free
87e5dc80   _MSGQ_get
87e64fa0   _MSGQ_init
87e5d500   _MSGQ_locate
87e5d800   _MSGQ_locateLocal
87e5cca0   _MSGQ_open
87e5dd20   _MSGQ_put
87e5e6a0   _MSGQ_release
87e5eb40   _MSGQ_setErrorHandler
87e5d600   _MSGQ_startup
87e30558   _NOTIFY_ctrlPtr
87e59160   _NOTIFY_init
87e58914   _NOTIFY_notify
87e3055c   _NOTIFY_numIps
87e588b4   _NOTIFY_register
87e58860   _NOTIFY_unregister
87e5e320   _OBJ_create
87e5e700   _OBJ_delete
87e653c0   _OBJ_init
87e30430   _OBJ_segtab
87e303f8   _OBJ_table
87e00080   _PIP_A_TABBEG
87e00080   _PIP_A_TABEND
87e5ff54   _POOL
ffffffff   _POOLMEM
87e30390   _POOL_config
87e650e0   _POOL_init
87e56804   _POOL_open
87e5fd6c   _PRD_D_tick
87e64c74   _PRD_clock
87e5ea20   _QUE_get
87e5ea48   _QUE_put
ffffffff   _RESET_VECTOR
87e30560   _RingIO_ctrlPtr
87e53558   _RingIO_exit
87e533d8   _RingIO_init
87e30564   _RingIO_mpcsObj
87e5e7c0   _SEM_pend
87e5e760   _SEM_pendBinary
87e5b640   _SEM_pendEnterKnl
87e5d8e0   _SEM_post
87e5d8e0   _SEM_postBinary
87e5ddc0   _SEM_postEnterKnl
87e58bb4   _SHMDRV_handshake
87e58ba0   _SHMDRV_init
87e658f4   _SMAPOOL_FXNS
87e5716c   _SMAPOOL_alloc
87e56f70   _SMAPOOL_free
87e56f58   _SMAPOOL_init
87e56e20   _SMAPOOL_open
87e5058c   _STS_A_TABBEG
87e5059c   _STS_A_TABEND
87e5e84c   _STS_add
87e5e820   _STS_delta
87e5e868   _STS_reset
87e5eb60   _STS_set
87e304d8   _SWI_ATTRS
87e5fe04   _SWI_D_curfxn
87e5fdf4   _SWI_D_curmask
87e5fdf8   _SWI_D_curset
87e5fdf0   _SWI_D_execaddr
87e5fe0c   _SWI_D_inswi
87e5fdfc   _SWI_D_lock
87e5fe08   _SWI_D_rdybeg
87e5fdec   _SWI_D_runaddr
87e5e3a0   _SWI_create
87e5fdec   _SWI_data
87e5eb80   _SWI_delete
87e5e880   _SWI_disable
87e5e8a4   _SWI_enable
87e5a8f0   _SWI_post
87e5de60   _SWI_setattrs
87e5fde0   _SYS
87e65d20   _SYS_PUTCBEG
87e65f1f   _SYS_PUTCEND
87e5e8e0   _SYS_abort
87e5e580   _SYS_error
87e5df00   _SYS_exit
87e304a0   _SYS_exitStack
87e5ff3c   _SYS_exitStackPtr
87e5ff40   _SYS_exitStackTop
87e5eba8   _SYS_one
87e59e30   _SYS_printf
87e59e04   _SYS_sprintf
87e59df4   _SYS_vprintf
87e599c0   _SYS_vsprintf
87e5eba0   _SYS_zero
87e3031a   _SamplePoolParams
87e5fff8   _TRC_R_mask
87e5ff30   _TSK
87e55a68   _TSKMESSAGE_create
87e55958   _TSKMESSAGE_delete
87e551a0   _TSKMESSAGE_execute
87e30398   _TSK_ATTRS
87e303b4   _TSK_config
87e5b0c0   _TSK_create
87e5cde0   _TSK_exit
87e5ff6c   _TSK_idle
87e65360   _TSK_init
87e5ff28   _TSK_nTasks
87e5ff2c   _TSK_pid
87e5c700   _TSK_setup
87e5d484   _TSK_startup
87e303d4   _TSK_timerSem
87e5ea60   _UTL_doAbort
87e5ebc0   _UTL_doError
87e5e940   _UTL_doPutc
87e5ebe0   _UTL_halt
87e304c0   _ZCPYMQT_FXNS
87e59800   _ZCPYMQT_init
87e303f4   __BCACHE_emifAddr
87e3053c   __BCACHE_readTable
87e5c6bc   __CLK_lat1beg
87e5c6e0   __CLK_lat1end
87e56300   __DSPLINK_init
87e5fde8   __HOOK_NUMHOOKS
87e5fde4   __HOOK_knlId
87e5a3a0   __HWI_lat1beg
87e5a528   __HWI_lat1end
87e5a528   __HWI_lat2beg
87e5a704   __HWI_lat2end1
87e5a690   __HWI_lat2end2
87e5a720   __HWI_lat3beg
87e5a6c0   __HWI_lat3end2
87e5d30c   __KNL_lat1beg
87e5d388   __KNL_lat1end
87e5e2a0   __LOG_lat1beg
87e30474   __MEM_mutex
87e57860   __MPCS_open
48004000   __PWRM_CM_BASEADDR
5d000000   __PWRM_IVAMMU_BASEADDR
48306000   __PWRM_PRM_BASEADDR
48002000   __PWRM_SCM_BASEADDR
00000000   __PWRM_TIMERBASEADDR
00000020   __PWRM_TIMERINPUTCLK
00000000   __PWRM_TIMERINTRMASK
0000000a   __PWRM_TIMERPERIOD
00000000   __PWRM_USETIMER
87e5ea20   __QUE_lat1beg
87e5ea40   __QUE_lat1end
87e5ea48   __QUE_lat2beg
87e5ea54   __QUE_lat2end
87e531cc   __RingIO_callNotifier
87e530e8   __RingIO_checkNotifier
87e52b94   __RingIO_getContiguousDataSize
87e51b80   __RingIO_getFirstAcquiredAttr
87e50854   __RingIO_getFirstAttr
87e50dc4   __RingIO_initInstance
87e51c30   __RingIO_invalidateDataBuffer
87e52cb0   __RingIO_readerAcquire
87e529e8   __RingIO_readerCancel
87e524d0   __RingIO_readerFlush
87e52108   __RingIO_readerGetvAttribute
87e51d0c   __RingIO_readerRelease
87e50954   __RingIO_releaseAttribute
87e51388   __RingIO_updateAttributes
87e51944   __RingIO_writerAcquire
87e51558   __RingIO_writerCancel
87e50e84   __RingIO_writerFlush
87e50a38   __RingIO_writerRelease
87e505a0   __RingIO_writerSetvAttribute
87e5c380   __SEM_dopost
00001000   __STACK_SIZE
87e5a9f8   __SWI_lat1beg
87e5aaa4   __SWI_lat1end
87e5aaa8   __SWI_lat2beg
87e5ab08   __SWI_lat2end
87e5a880   __SWI_lat3beg
87e5a8ec   __SWI_lat3end
87e3044c   __TSK_mutex
ffffffff   ___TI_pprof_out_hndl
ffffffff   ___TI_prof_data_size
ffffffff   ___TI_prof_data_start
ffffffff   ___binit__
87e5fc20   ___bss__
ffffffff   ___c_args__
87e64000   ___cinit__
87e00080   ___data__
87e00080   ___edata__
87e5ff5e   ___end__
87e598c0   ___etext__
ffffffff   ___pinit__
87e505a0   ___text__
87e5ca20   __auto_init
87e58c80   __cmpd
87e59540   __cmpf
87e65578   __ctypes_
87e59640   __cvtfd
87e57360   __divf
87e58fe0   __divu
87e595c0   __fixfu
87e59780   __fltuf
87e596a0   __frcmpyf
87e59360   __frcmpyf_div
87e30568   __lock
87e58160   __mpyf
87e59860   __nop
87e59880   __register_lock
87e598a0   __register_unlock
87e59400   __remu
87e5ec20   __stack
87e3056c   __unlock
87e58d60   _atoi
87e65200   _c_int00
87e30080   _dspMsgQName
87e589e4   _main
87e00080   _mat1
87e10080   _mat2
87e594a0   _memcpy
87e58e40   _memset
87e30318   _mqtParams
87e30588   _numTransfers
87e20080   _result
87e65f6c   _trace
87e30340   _transports
ffffffff   binit
87e64000   cinit
87e00080   edata
87e5ff5e   end
87e598c0   etext
87e66000   hwi0
87e66020   hwi1
87e66140   hwi10
87e66160   hwi11
87e66180   hwi12
87e661a0   hwi13
87e661c0   hwi14
87e661e0   hwi15
87e66040   hwi2
87e66060   hwi3
87e66080   hwi4
87e660a0   hwi5
87e660c0   hwi6
87e660e0   hwi7
87e66100   hwi8
87e66120   hwi9
ffffffff   pinit
87e65f6c   trace
87e60000   trace$buf
00000001   trace$datatype
00000000   trace$log
00001000   trace$size


GLOBAL SYMBOLS: SORTED BY Symbol Address 

address    name
--------   ----
00000000   BUF$
00000000   CLK_PRDHIGH
00000000   CLK_RESETTIMER
00000000   CLK_TDDR
00000000   CLK_TDDRHIGH
00000000   CLK_TIMERNUM
00000000   DEV$
00000000   DGN$
00000000   DHL$
00000000   DHL_gChannelsAvailable
00000000   DIO$
00000000   DIO_NUMSWIBASE
00000000   DIO_NUMTSKBASE
00000000   DIO_STATIC
00000000   DPI$
00000000   ECM$
00000000   ECM_ENABLE
00000000   GBL_BCACHEREADADDR0
00000000   GBL_BCACHEREADADDR1
00000000   GBL_BCACHEREADADDR2
00000000   GBL_BIGENDIAN
00000000   GBL_CACHE
00000000   GBL_CALLCSLCFGINIT
00000000   GBL_ENABLEINST
00000000   GBL_ENABLE_SK
00000000   GBL_GEMTRUECOMPEN
00000000   GBL_L2MAR0_31
00000000   GBL_L2MAR160_191
00000000   GBL_L2MAR192_223
00000000   GBL_L2MAR224_255
00000000   GBL_L2MAR32_63
00000000   GBL_L2MAR64_95
00000000   GBL_L2MAR96_127
00000000   GBL_NULL
00000000   GBL_PROCID
00000000   GBL_ROM
00000000   GBL_SUPPORTCSL
00000000   GBL_USERINIT
00000000   GIO$
00000000   HOOK$
00000000   HOOK_KNLID
00000000   HST$
00000000   HST_DSM
00000000   HST_MAXFRAMESET
00000000   HST_RTDX
00000000   HWI_GENERATE_RESET_VEC
00000000   HWI_INT10$hwi
00000000   HWI_INT11$hwi
00000000   HWI_INT12$hwi
00000000   HWI_INT13$hwi
00000000   HWI_INT14$hwi
00000000   HWI_INT15$hwi
00000000   HWI_INT4$hwi
00000000   HWI_INT5$hwi
00000000   HWI_INT6$hwi
00000000   HWI_INT7$hwi
00000000   HWI_INT8$hwi
00000000   HWI_INT9$hwi
00000000   HWI_NMI$hwi
00000000   HWI_POLARITYMASK
00000000   HWI_RESERVED0$hwi
00000000   HWI_RESERVED1$hwi
00000000   HWI_RESET
00000000   HWI_RESET$hwi
00000000   HWI_ZEROTAB
00000000   IDL$
00000000   IDL_CALIBRERROR
00000000   IDL_CALIBRFXN
00000000   IDL_USECLKIDLTIME
00000000   KNL_swi$ord
00000000   KNL_swi$pri
00000000   KNL_swi$sts$unittype
00000000   KNL_swi$swi
00000000   LOG_system$datatype
00000000   LOG_system$log
00000000   MBX$
00000000   MEM_NULL
00000000   MEM_USEMPC
00000000   OBJ$
00000000   PIP$
00000000   PIP_A_TABLEN
00000000   PIP_gNextId
00000000   PIP_gNumEmbed
00000000   PRD_A_TABLEN
00000000   PRD_SWIHANDLE
00000000   PWRM_PWRM_CAPSMASK
00000000   PWRM_PWRM_ENABLE
00000000   PWRM_PWRM_LOADENABLE
00000000   PWRM_PWRM_RESOURCETRACKING
00000000   PWRM_PWRM_SCALING
00000000   PWRM_PWRM_TIMERIDNUM
00000000   PWRM_PWRM_TIMERINTRMASK
00000000   PWRM_PWRM_TIMERWUGENMASK
00000000   PWRM_PWRM_USERRESOURCES
00000000   PWRM_PWRM_USETIMER
00000000   RTDX$
00000000   RTDX_MODE
00000000   RTDX_USERTDX
00000000   RTDX_USERTEXECUTION
00000000   SEM$
00000000   SIO$
00000000   STS$
00000000   SWI_EHOOKFXN
00000000   SWI_IHOOKFXN
00000000   TSK_NUM_HOOKS
00000000   TSK_READYFXN
00000000   TSK_SWITCHFXN
00000000   TSK_idle$ord
00000000   TSK_idle$pri
00000000   TSK_idle$tsk
00000000   UDEV$
00000000   _CLK_TDDR
00000000   _CLK_TIMERNUM
00000000   _GBL_CACHE
00000000   _HWI_RESET
00000000   __PWRM_TIMERBASEADDR
00000000   __PWRM_TIMERINTRMASK
00000000   __PWRM_USETIMER
00000000   trace$log
00000001   BUF_ENABLED
00000001   CLK$
00000001   CLK_CALDIV
00000001   CLK_CALMULT
00000001   CLK_ENABLEHTIME
00000001   CLK_HTIMEDIV
00000001   CLK_HTIMEMULT
00000001   CLK_LTIMEDIV
00000001   CLK_USETIMER
00000001   GBL$
00000001   GBL_L2CONFIGURE
00000001   GBL_L2MODE
00000001   GBL_boot
00000001   HST_NONE
00000001   HWI$
00000001   HWI_ENABLE_EXC
00000001   HWI_NMI
00000001   ISRC$
00000001   KNL_swi$dorta
00000001   KNL_swi$sts$filtmaxmult
00000001   KNL_swi$sts$filtsummult
00000001   LCK$
00000001   LOG$
00000001   LOG_ENABLED
00000001   MEM$
00000001   MEM_gNumHeap
00000001   MSGQ$
00000001   MSGQ_USEMSGQ
00000001   POOL$
00000001   POOL_USEPOOL
00000001   PRD$
00000001   PRD_SCALAR
00000001   PWRM$
00000001   PWRM_PWRM_NUMSLOTS
00000001   QUE$
00000001   SWI$
00000001   SWI_A_TABLEN
00000001   SYS$
00000001   TSK$
00000001   TSK_PRIORITY
00000001   _CLK_USETIMER
00000001   _HWI_NMI
00000001   trace$datatype
00000002   HWI_RESERVED0
00000002   KNL_swi$sts$filter
00000002   LOG_A_TABLEN
00000002   _HWI_RESERVED0
00000002   _LOG_A_TABLEN
00000003   GBL_L1PMODE
00000003   HWI_RESERVED1
00000003   _HWI_RESERVED1
00000004   EVENT4
00000004   HWI_INT4
00000004   _EVENT4
00000004   _HWI_INT4
00000005   CLK_COUNTSPMSHIGH
00000005   CLK_TIMMODE
00000005   EVENT5
00000005   HWI_INT5
00000005   _EVENT5
00000005   _HWI_INT5
00000006   EVENT6
00000006   HWI_INT6
00000006   _EVENT6
00000006   _HWI_INT6
00000007   EVENT7
00000007   GBL_L1DMODE
00000007   HWI_INT7
00000007   _EVENT7
00000007   _HWI_INT7
00000008   EVENT8
00000008   HWI_INT8
00000008   _EVENT8
00000008   _HWI_INT8
00000009   EVENT9
00000009   HWI_INT9
00000009   _EVENT9
00000009   _HWI_INT9
0000000a   EVENT10
0000000a   HWI_INT10
0000000a   PWRM_PWRM_CLKTICKSPERSLOT
0000000a   _EVENT10
0000000a   _HWI_INT10
0000000a   __PWRM_TIMERPERIOD
0000000b   EVENT11
0000000b   HWI_INT11
0000000b   _EVENT11
0000000b   _HWI_INT11
0000000c   EVENT12
0000000c   HWI_INT12
0000000c   _EVENT12
0000000c   _HWI_INT12
0000000d   EVENT13
0000000d   HWI_INT13
0000000d   _EVENT13
0000000d   _HWI_INT13
0000000e   EVENT14
0000000e   HWI_INT14
0000000e   _EVENT14
0000000e   _HWI_INT14
0000000f   EVENT15
0000000f   HWI_INT15
0000000f   _EVENT15
0000000f   _HWI_INT15
00000010   EVENT16
00000010   _EVENT16
00000011   EVENT17
00000011   _EVENT17
00000012   EVENT18
00000012   _EVENT18
00000013   EVENT19
00000013   _EVENT19
00000014   EVENT20
00000014   _EVENT20
00000015   EVENT21
00000015   _EVENT21
00000016   EVENT22
00000016   _EVENT22
00000017   EVENT23
00000017   _EVENT23
00000018   EVENT24
00000018   _EVENT24
00000019   EVENT25
00000019   _EVENT25
0000001a   EVENT26
0000001a   _EVENT26
0000001b   EVENT27
0000001b   _EVENT27
0000001c   EVENT28
0000001c   _EVENT28
0000001d   EVENT29
0000001d   _EVENT29
0000001e   EVENT30
0000001e   _EVENT30
0000001f   EVENT31
0000001f   _EVENT31
00000020   CLK_TCR
00000020   EVENT32
00000020   _EVENT32
00000020   __PWRM_TIMERINPUTCLK
00000021   EVENT33
00000021   _EVENT33
00000022   EVENT34
00000022   _EVENT34
00000023   EVENT35
00000023   _EVENT35
00000024   EVENT36
00000024   _EVENT36
00000025   EVENT37
00000025   _EVENT37
00000026   EVENT38
00000026   _EVENT38
00000027   EVENT39
00000027   _EVENT39
00000028   EVENT40
00000028   _EVENT40
00000029   EVENT41
00000029   _EVENT41
0000002a   EVENT42
0000002a   _EVENT42
0000002b   EVENT43
0000002b   _EVENT43
0000002c   EVENT44
0000002c   _EVENT44
0000002d   EVENT45
0000002d   _EVENT45
0000002e   EVENT46
0000002e   _EVENT46
0000002f   EVENT47
0000002f   _EVENT47
00000030   EVENT48
00000030   _EVENT48
00000031   EVENT49
00000031   _EVENT49
00000032   EVENT50
00000032   _EVENT50
00000033   EVENT51
00000033   _EVENT51
00000034   EVENT52
00000034   _EVENT52
00000035   EVENT53
00000035   _EVENT53
00000036   EVENT54
00000036   _EVENT54
00000037   EVENT55
00000037   _EVENT55
00000038   EVENT56
00000038   _EVENT56
00000039   EVENT57
00000039   _EVENT57
0000003a   EVENT58
0000003a   _EVENT58
0000003b   EVENT59
0000003b   _EVENT59
0000003c   EVENT60
0000003c   _EVENT60
0000003d   EVENT61
0000003d   _EVENT61
0000003e   EVENT62
0000003e   GBL_DSPTYPE
0000003e   _EVENT62
0000003f   EVENT63
0000003f   _EVENT63
00000040   EVENT64
00000040   LOG_system$size
00000040   _EVENT64
00000041   EVENT65
00000041   _EVENT65
00000042   EVENT66
00000042   GBL_FOOTPRINT
00000042   _EVENT66
00000043   EVENT67
00000043   _EVENT67
00000044   EVENT68
00000044   _EVENT68
00000045   EVENT69
00000045   _EVENT69
00000046   EVENT70
00000046   _EVENT70
00000047   EVENT71
00000047   _EVENT71
00000048   EVENT72
00000048   _EVENT72
00000049   EVENT73
00000049   _EVENT73
0000004a   EVENT74
0000004a   _EVENT74
0000004b   EVENT75
0000004b   _EVENT75
0000004c   EVENT76
0000004c   _EVENT76
0000004d   EVENT77
0000004d   _EVENT77
0000004e   EVENT78
0000004e   _EVENT78
0000004f   EVENT79
0000004f   _EVENT79
00000050   EVENT80
00000050   _EVENT80
00000051   EVENT81
00000051   _EVENT81
00000052   EVENT82
00000052   _EVENT82
00000053   EVENT83
00000053   _EVENT83
00000054   EVENT84
00000054   _EVENT84
00000055   EVENT85
00000055   _EVENT85
00000056   EVENT86
00000056   _EVENT86
00000057   EVENT87
00000057   _EVENT87
00000058   EVENT88
00000058   _EVENT88
00000059   EVENT89
00000059   _EVENT89
0000005a   EVENT90
0000005a   _EVENT90
0000005b   EVENT91
0000005b   _EVENT91
0000005c   EVENT92
0000005c   _EVENT92
0000005d   EVENT93
0000005d   _EVENT93
0000005e   EVENT94
0000005e   _EVENT94
0000005f   EVENT95
0000005f   _EVENT95
00000060   EVENT96
00000060   _EVENT96
00000061   EVENT97
00000061   _EVENT97
00000062   EVENT98
00000062   _EVENT98
00000063   EVENT99
00000063   _EVENT99
00000064   EVENT100
00000064   PIP_OBJSIZE
00000064   _EVENT100
00000065   EVENT101
00000065   _EVENT101
00000066   EVENT102
00000066   _EVENT102
00000067   EVENT103
00000067   _EVENT103
00000068   EVENT104
00000068   _EVENT104
00000069   EVENT105
00000069   _EVENT105
0000006a   EVENT106
0000006a   _EVENT106
0000006b   EVENT107
0000006b   _EVENT107
0000006c   EVENT108
0000006c   _EVENT108
0000006d   EVENT109
0000006d   _EVENT109
0000006e   EVENT110
0000006e   _EVENT110
0000006f   EVENT111
0000006f   _EVENT111
00000070   EVENT112
00000070   _EVENT112
00000071   EVENT113
00000071   _EVENT113
00000072   EVENT114
00000072   _EVENT114
00000073   EVENT115
00000073   _EVENT115
00000074   EVENT116
00000074   _EVENT116
00000075   EVENT117
00000075   _EVENT117
00000076   EVENT118
00000076   _EVENT118
00000077   EVENT119
00000077   _EVENT119
00000078   EVENT120
00000078   _EVENT120
00000079   EVENT121
00000079   _EVENT121
0000007a   EVENT122
0000007a   _EVENT122
0000007b   EVENT123
0000007b   _EVENT123
0000007c   EVENT124
0000007c   _EVENT124
0000007d   EVENT125
0000007d   _EVENT125
0000007e   EVENT126
0000007e   _EVENT126
0000007f   EVENT127
0000007f   _EVENT127
00000080   GBL_L2MAR128_159
00000100   HST_MAXFRAMEALLOWED
000003e8   CLK_MICROSECS
00000400   HST_DSMMEMSIZE
00000400   TSK_STACKSIZE
00000408   RTDX_BUFMEMSIZE
00000d66   GBL_CLKTYPE
00001000   __STACK_SIZE
00001000   trace$size
00001963   GBL_DSPSUBTYPE
00004000   CLK_INTBIT
00004000   GBL_TRCMASKVALUE
00004000   HWI_CFGDISPATCHED
00004000   _HWI_CFGDISPATCHED
00004b00   CLK_INPUTCLK
00004b00   CLK_PRD
00004b00   _CLK_PRD
00004e20   GBL_CLKIN
00005205   GBL_A_VERSION
00020000   DDR2$L
00020000   _DDR2_length
00050910   CLK_COUNTSPMS
00050910   CLK_HTIMEPERLTIME
00050910   CLK_LTIMEMULT
00050910   GBL_FREQ
00050910   _CLK_COUNTSPMS
07060504   HWI_INTRMUX1
0a0a0908   HWI_INTRMUX2
34330d0b   HWI_INTRMUX3
48002000   __PWRM_SCM_BASEADDR
48004000   __PWRM_CM_BASEADDR
48306000   __PWRM_PRM_BASEADDR
49038000   CLK_REGS
49038000   _CLK_REGS
49038000   _CLK_gptimer
5d000000   __PWRM_IVAMMU_BASEADDR
87e00080   .data
87e00080   HST_A_TABBEG
87e00080   HST_A_TABEND
87e00080   PIP_A_TABBEG
87e00080   PIP_A_TABEND
87e00080   PRD_A_TABBEG
87e00080   PRD_A_TABEND
87e00080   _HST_A_TABBEG
87e00080   _HST_A_TABEND
87e00080   _PIP_A_TABBEG
87e00080   _PIP_A_TABEND
87e00080   ___data__
87e00080   ___edata__
87e00080   _mat1
87e00080   edata
87e10080   _mat2
87e20080   _result
87e30080   _dspMsgQName
87e301c0   _KNL_queues
87e30260   _KNL_dummy
87e30298   _DSPLINKPOOL_ctrlPtr
87e30318   _mqtParams
87e3031a   _SamplePoolParams
87e30340   _transports
87e30368   _MSGQ_config
87e30390   _POOL_config
87e30398   _TSK_ATTRS
87e303b4   _TSK_config
87e303d4   _TSK_timerSem
87e303f4   __BCACHE_emifAddr
87e303f8   _OBJ_table
87e30430   _OBJ_segtab
87e3044c   __TSK_mutex
87e30474   __MEM_mutex
87e3049c   _CLK_inputClock
87e304a0   _SYS_exitStack
87e304c0   _ZCPYMQT_FXNS
87e304d8   _SWI_ATTRS
87e30504   _EXC_status
87e30524   _HWI_ATTRS
87e3053c   __BCACHE_readTable
87e30548   _MPCS_ctrlPtr
87e3054c   _MPCS_csObj
87e30550   _MPLIST_ctrlPtr
87e30554   _MPLIST_mpcsObj
87e30558   _NOTIFY_ctrlPtr
87e3055c   _NOTIFY_numIps
87e30560   _RingIO_ctrlPtr
87e30564   _RingIO_mpcsObj
87e30568   __lock
87e3056c   __unlock
87e30578   _DSPLINKDATA_ctrlPtr
87e30580   _DSPLINKMQT_ctrlPtr
87e30584   _CLK_gptimer_enablemask
87e30588   _numTransfers
87e3058a   DDR2$B
87e3058a   _DDR2_base
87e5058c   KNL_swi$sts$stsobj
87e5058c   STS_A_TABBEG
87e5058c   _STS_A_TABBEG
87e50590   KNL_swi$sts
87e5059c   IDL_A_TABBEG
87e5059c   IDL_END
87e5059c   STS_A_TABEND
87e5059c   _STS_A_TABEND
87e505a0   .text
87e505a0   __RingIO_writerSetvAttribute
87e505a0   ___text__
87e50854   __RingIO_getFirstAttr
87e50954   __RingIO_releaseAttribute
87e50a38   __RingIO_writerRelease
87e50dc4   __RingIO_initInstance
87e50e84   __RingIO_writerFlush
87e51388   __RingIO_updateAttributes
87e51558   __RingIO_writerCancel
87e51944   __RingIO_writerAcquire
87e51b80   __RingIO_getFirstAcquiredAttr
87e51c30   __RingIO_invalidateDataBuffer
87e51d0c   __RingIO_readerRelease
87e52108   __RingIO_readerGetvAttribute
87e524d0   __RingIO_readerFlush
87e529e8   __RingIO_readerCancel
87e52b94   __RingIO_getContiguousDataSize
87e52cb0   __RingIO_readerAcquire
87e530e8   __RingIO_checkNotifier
87e531cc   __RingIO_callNotifier
87e533d8   _RingIO_init
87e53558   _RingIO_exit
87e53600   _MPCS_open
87e53660   _MPCS_leave
87e5378c   _MPCS_enter
87e53980   _MPCS_delete
87e53e44   _MPCS_create
87e54394   _MPCS_close
87e54460   _IPS_unregister
87e54810   _IPS_setReserved
87e54838   _IPS_isNotReserved
87e54860   _IPS_register
87e54bb4   _IPS_notify
87e54dc0   _IPS_init
87e54f24   _IPS_exit
87e54fd8   _IPS_clearReserved
87e551a0   _TSKMESSAGE_execute
87e55958   _TSKMESSAGE_delete
87e55a68   _TSKMESSAGE_create
87e56300   __DSPLINK_init
87e56804   _POOL_open
87e56e20   _SMAPOOL_open
87e56f58   _SMAPOOL_init
87e56f70   _SMAPOOL_free
87e5716c   _SMAPOOL_alloc
87e57360   __divf
87e57860   __MPCS_open
87e57ad4   _MPCS_init
87e57c54   _MPCS_exit
87e58160   __mpyf
87e58360   _MPLIST_init
87e584e0   _MPLIST_exit
87e58560   _HAL_intRegister
87e58680   _HAL_intInit
87e58860   _NOTIFY_unregister
87e588b4   _NOTIFY_register
87e58914   _NOTIFY_notify
87e589e4   _main
87e58aa0   _HAL_intWaitClear
87e58b10   _HAL_intSend
87e58b20   _HAL_intEnable
87e58b4c   _HAL_intDisable
87e58b78   _HAL_intClear
87e58ba0   _SHMDRV_init
87e58bb4   _SHMDRV_handshake
87e58c80   __cmpd
87e58d60   _atoi
87e58e40   _memset
87e58f20   _DSPLINK_init
87e58fe0   __divu
87e59160   _NOTIFY_init
87e59220   _DSPLINKIPS_init
87e592c0   _DSPLINKPOOL_init
87e59360   __frcmpyf_div
87e59400   __remu
87e594a0   _memcpy
87e59540   __cmpf
87e595c0   __fixfu
87e59640   __cvtfd
87e596a0   __frcmpyf
87e59700   _DSPLINKDATA_init
87e59740   _DSPLINKMQT_init
87e59780   __fltuf
87e597c0   _HAL_init
87e597e8   _HAL_exit
87e59800   _ZCPYMQT_init
87e59860   __nop
87e59880   __register_lock
87e598a0   __register_unlock
87e598c0   ___etext__
87e598c0   etext
87e599c0   _SYS_vsprintf
87e59df4   _SYS_vprintf
87e59e04   _SYS_sprintf
87e59e30   _SYS_printf
87e59e80   _EXC_nmi
87e59eb4   _EXC_internal
87e5a160   _EXC_init
87e5a1a0   _EXC_getLastStatus
87e5a1c0   _EXC_external
87e5a1f4   _EXC_exceptionHandler
87e5a370   _EXC_clearLastStatus
87e5a3a0   CLK_HOOKFXN
87e5a3a0   HWI_F_dispatch
87e5a3a0   _HWI_F_dispatch
87e5a3a0   __HWI_lat1beg
87e5a528   __HWI_lat1end
87e5a528   __HWI_lat2beg
87e5a690   __HWI_lat2end2
87e5a6c0   __HWI_lat3end2
87e5a704   __HWI_lat2end1
87e5a720   __HWI_lat3beg
87e5a880   SWI_F_enable
87e5a880   __SWI_lat3beg
87e5a8ec   __SWI_lat3end
87e5a8f0   SWI_F_post
87e5a8f0   _SWI_post
87e5a9f8   __SWI_lat1beg
87e5aa64   SWI_EXECFXN
87e5aa64   SWI_F_exec
87e5aa8c   SWI_F_iexec
87e5aaa4   __SWI_lat1end
87e5aaa8   __SWI_lat2beg
87e5ab08   __SWI_lat2end
87e5ab0c   SWI_F_run
87e5ab0c   SWI_RUNFXN
87e5ad40   PRD_F_swi
87e5afc4   PRD_F_tick
87e5b0c0   _TSK_create
87e5b400   _KNL_run
87e5b640   _SEM_pendEnterKnl
87e5b840   _CLK_stop
87e5b8a4   _CLK_start
87e5ba40   _MEM_alloc
87e5bc20   _C62_plug
87e5bc20   _C64_plug
87e5bc28   _C62_dispatchPlug
87e5bc28   _C64_dispatchPlug
87e5be00   _EXC_dispatch
87e5bfc4   _EXC_setReturnPtr
87e5c1ac   PRD_THOOKFXN
87e5c1ac   _KNL_tick
87e5c1c0   _MEM_free
87e5c380   __SEM_dopost
87e5c540   CLK_F_getltime
87e5c550   CLK_F_isr
87e5c6a0   CLK_F_itime
87e5c6a0   _CLK_F_itime
87e5c6a0   _CLK_itime
87e5c6bc   __CLK_lat1beg
87e5c6e0   __CLK_lat1end
87e5c700   _TSK_setup
87e5c8a0   _KNL_saveIsrFrame
87e5c94c   _KNL_switch
87e5c9f8   KNL_glue
87e5ca20   __auto_init
87e5cb60   _KNL_ready
87e5cca0   _MSGQ_open
87e5cde0   _TSK_exit
87e5cf20   _BCACHE_setSize
87e5cf64   _BCACHE_setMar
87e5cfb4   _BCACHE_bootInit
87e5cfb4   _BCACHE_setCacheToSram
87e5cfe4   _BCACHE_getSize
87e5d034   _BCACHE_getMar
87e5d08c   _CLK_reconfig
87e5d204   _GBL_cacheInit64P
87e5d2c0   _KNL_check
87e5d30c   __KNL_lat1beg
87e5d388   _KNL_idle
87e5d388   __KNL_lat1end
87e5d3b0   _KNL_max
87e5d484   _TSK_startup
87e5d500   _MSGQ_locate
87e5d600   _MSGQ_startup
87e5d7cc   _BCACHE_wbInv
87e5d7e0   _BCACHE_wb
87e5d7f0   _BCACHE_inv
87e5d800   _MSGQ_locateLocal
87e5d8e0   _SEM_post
87e5d8e0   _SEM_postBinary
87e5d9c0   _KNL_exit
87e5da00   _KNL_enter
87e5da80   _MSGQ_alloc
87e5db40   _KNL_start
87e5dbe0   _MSGQ_close
87e5dc80   _MSGQ_get
87e5dd20   _MSGQ_put
87e5ddc0   _SEM_postEnterKnl
87e5de60   _SWI_setattrs
87e5df00   _SYS_exit
87e5dfa0   _ATM_andi
87e5dfa0   _ATM_andu
87e5dfb0   _ATM_cleari
87e5dfb0   _ATM_clearu
87e5dfc0   _ATM_deci
87e5dfc0   _ATM_decu
87e5dfd0   _ATM_inci
87e5dfd0   _ATM_incu
87e5dfe4   _ATM_ori
87e5dfe4   _ATM_oru
87e5dff4   _ATM_seti
87e5dff4   _ATM_setu
87e5e020   _HWI_dispatchPlug
87e5e0a0   _HWI_eventMap
87e5e120   _KNL_ipost
87e5e1a0   _KNL_post
87e5e220   _LCK_post
87e5e240   _LCK_pend
87e5e2a0   LOG_F_event
87e5e2a0   _LOG_event
87e5e2a0   __LOG_lat1beg
87e5e320   _OBJ_create
87e5e3a0   _SWI_create
87e5e46c   _BCACHE_wbInvAll
87e5e480   _BCACHE_wbAll
87e5e490   _BCACHE_invL1pAll
87e5e4a0   _BCACHE_wait
87e5e520   _MEM_valloc
87e5e580   _SYS_error
87e5e5e0   FXN_F_nop
87e5e5e4   FXN_F_run
87e5e5e4   _FXN_F_run
87e5e620   FXN_F_zero
87e5e620   _FXN_F_zero
87e5e640   _HWI_disable
87e5e658   _HWI_enable
87e5e66c   _HWI_restore
87e5e6a0   _MSGQ_release
87e5e700   _OBJ_delete
87e5e760   _SEM_pendBinary
87e5e7c0   _SEM_pend
87e5e820   STS_F_delta
87e5e820   _STS_delta
87e5e84c   STS_F_add
87e5e84c   _STS_add
87e5e868   STS_F_reset
87e5e868   _STS_reset
87e5e880   _SWI_disable
87e5e8a4   _SWI_enable
87e5e8e0   _SYS_abort
87e5e940   SYS_PUTCFXN
87e5e940   _UTL_doPutc
87e5e9a0   _C62_disableIER
87e5e9a0   _C64_disableIER
87e5e9b8   _C62_enableIER
87e5e9b8   _C64_enableIER
87e5e9cc   _C62_clearIFR
87e5e9cc   _C64_clearIFR
87e5e9e0   _MSGQ_free
87e5ea20   _QUE_get
87e5ea20   __QUE_lat1beg
87e5ea40   __QUE_lat1end
87e5ea48   _QUE_put
87e5ea48   __QUE_lat2beg
87e5ea54   __QUE_lat2end
87e5ea60   SYS_ABORTFXN
87e5ea60   _UTL_doAbort
87e5eaa0   GBL_USERINITFXN
87e5eaa0   GIO_CREATEFXN
87e5eaa0   GIO_DELETEFXN
87e5eaa0   GIO_PENDFXN
87e5eaa0   GIO_POSTFXN
87e5eaa0   PWRM_PWRM_SHAREDRESOURCEFXN
87e5eaa0   PWRM_PWRM_SLOTHOOKFXN
87e5eaa0   TSK_VCREATEFXN
87e5eaa0   TSK_VDELETEFXN
87e5eaa0   TSK_VEXITFXN
87e5eaa0   _FXN_F_nop
87e5eac0   _GBL_getVersion
87e5eae0   _HOOK_setenv
87e5eb00   IDL_F_loop
87e5eb00   _IDL_loop
87e5eb20   _LOG_printf
87e5eb40   _MSGQ_setErrorHandler
87e5eb60   _STS_set
87e5eb80   _SWI_delete
87e5eba0   _SYS_zero
87e5eba8   _SYS_one
87e5ebc0   SYS_ERRORFXN
87e5ebc0   _UTL_doError
87e5ebe0   SYS_EXITFXN
87e5ebe0   _UTL_halt
87e5ec00   CLK_TIMEFXN
87e5ec00   _CLK_gethtime
87e5ec20   GBL_stackbeg
87e5ec20   _HWI_STKTOP
87e5ec20   __stack
87e5fc18   _HWI_STKBOTTOM
87e5fc1f   GBL_stackend
87e5fc20   $bss
87e5fc20   .bss
87e5fc20   _HWI_dispatchTab
87e5fc20   ___bss__
87e5fd20   IDL_D_tabbeg
87e5fd24   IDL_D_calibrate
87e5fd28   IDL_D_calbeg
87e5fd2c   LOG_D_system
87e5fd2c   _LOG_D_system
87e5fd30   PIP_D_tabbeg
87e5fd34   PIP_D_tablen
87e5fd38   CLK_R_time
87e5fd3c   CLK_D_timefxn
87e5fd40   CLK_D_tabbeg
87e5fd44   CLK_D_isrhook
87e5fd48   CLK_D_idletime
87e5fd4c   _CLK_htimeDiv
87e5fd50   _CLK_htimeMult
87e5fd54   _CLK_ltimeDiv
87e5fd58   _CLK_ltimeMult
87e5fd5c   _CLK_D_dirty
87e5fd60   _CLK_D_prd
87e5fd64   _CLK_D_tddr
87e5fd68   _CLK_D_countspms
87e5fd6c   PRD_D_tick
87e5fd6c   _PRD_D_tick
87e5fd70   PRD_D_cur
87e5fd74   PRD_D_elapsed
87e5fd78   PRD_D_prevtim
87e5fd7c   PRD_D_scalar
87e5fd80   PRD_D_swihandle
87e5fd84   PRD_D_tabbeg
87e5fd88   PRD_D_tablen
87e5fd8c   PRD_D_thook
87e5fd90   RTA_D_fromHost
87e5fd94   RTA_D_toHost
87e5fd98   RTA_D_logval
87e5fda8   RTA_D_stsval
87e5fdb4   HST_D_chanmask
87e5fdb8   HST_D_tabbeg
87e5fdbc   HST_D_tabend
87e5fdc0   _GBL_procId
87e5fdc4   _GBL_clkIn
87e5fdc8   _GBL_freq
87e5fdcc   _MEM_D_NUMSEGMENTS
87e5fdd0   _MEM_D_memtab
87e5fdd4   _MEM_D_freelist
87e5fdd8   _MEM_D_lockaddr
87e5fddc   _MEM_D_unlockaddr
87e5fde0   _SYS
87e5fde4   __HOOK_knlId
87e5fde8   __HOOK_NUMHOOKS
87e5fdec   SWI_D_runaddr
87e5fdec   _SWI_D_runaddr
87e5fdec   _SWI_data
87e5fdf0   SWI_D_execaddr
87e5fdf0   _SWI_D_execaddr
87e5fdf4   SWI_D_curmask
87e5fdf4   _SWI_D_curmask
87e5fdf8   SWI_D_curset
87e5fdf8   _SWI_D_curset
87e5fdfc   SWI_D_lock
87e5fdfc   _SWI_D_lock
87e5fe00   SWI_D_curmbox
87e5fe04   SWI_D_curfxn
87e5fe04   _SWI_D_curfxn
87e5fe08   SWI_D_rdybeg
87e5fe08   _SWI_D_rdybeg
87e5fe0c   SWI_D_inswi
87e5fe0c   _SWI_D_inswi
87e5fe10   SWI_D_rdytab
87e5fe88   _KNL_wFlag
87e5fe8c   _KNL_wList
87e5fe90   _KNL_alarm
87e5fe94   _KNL_setpri
87e5fe98   _KNL_inactive
87e5fe9c   _KNL_priority
87e5fea0   _KNL_set
87e5fea4   _KNL_curtask
87e5fea8   _KNL_prevtask
87e5feac   _KNL_curtime
87e5feb0   _KNL_swiptr
87e5feb4   _KNL_curqueue
87e5feb8   _KNL_maxqueue
87e5febc   _KNL_tswitchfxn
87e5fec0   _KNL_tcreatefxn
87e5fec4   _KNL_tdeletefxn
87e5fec8   _KNL_treadyfxn
87e5fecc   _KNL_idlefxn
87e5fed0   _EXC_sysTrapTable
87e5fed8   _EXC_returnPtr
87e5fef0   HWI_D_spsave
87e5fef0   _HWI_D_spsave
87e5fef0   _HWI_data
87e5fefc   _HWI_D_inhwi
87e5ff00   HWI_D_bss
87e5ff04   HWI_D_ccmask
87e5ff08   _EXC_exceptionHook
87e5ff0c   _EXC_internalHook
87e5ff10   _EXC_externalHook
87e5ff14   _EXC_nmiHook
87e5ff18   _MEM_memtab
87e5ff24   DDR2
87e5ff24   HST_DSMBUFSEG
87e5ff24   MEM_MALLOCSEG
87e5ff24   MEM_SEGZERO
87e5ff24   RTDX_DATAMEMSEG
87e5ff24   TSK_STACKSEG
87e5ff24   _DDR2
87e5ff28   _TSK_nTasks
87e5ff2c   _TSK_pid
87e5ff30   _TSK
87e5ff34   _CLK_DFLTMICROSECS
87e5ff38   _CLK_D_microseconds
87e5ff3c   _SYS_exitStackPtr
87e5ff40   _SYS_exitStackTop
87e5ff44   _CLK_htimePerLtime
87e5ff4c   _MEM
87e5ff50   _MSGQ
87e5ff54   _POOL
87e5ff5e   ___end__
87e5ff5e   end
87e5ff6c   TSK_idle
87e5ff6c   _TSK_idle
87e5fff4   TRC_cinit
87e5fff8   TRC_R_mask
87e5fff8   _TRC_R_mask
87e5fffc   GBL_initdone
87e60000   trace$buf
87e64000   ___cinit__
87e64000   cinit
87e64c74   CLK_A_TABBEG
87e64c74   PRD_clock
87e64c74   _PRD_clock
87e64c78   CLK_null
87e64c7c   IDL_A_CALBEG
87e64c7c   IDL_END$
87e64c80   BIOS_init
87e64c80   _BIOS_init
87e64ee8   BIOS_start
87e64ee8   _BIOS_start
87e64fa0   _MSGQ_init
87e650e0   _POOL_init
87e65200   _c_int00
87e652c0   _MEM_init
87e65360   _TSK_init
87e653c0   _OBJ_init
87e65578   __ctypes_
87e6587c   _MSGQ_ATTRS
87e65888   _MSGQ_LOCATEATTRS
87e6588c   _MSGQ_LOCATEASYNCATTRS
87e658f4   _SMAPOOL_FXNS
87e65919   KNL_swi$sts$maxfmt
87e65920   TSK_idle$stack
87e65921   KNL_swi$sts$sumfmt
87e65929   KNL_swi$sts$avgfmt
87e65cb8   TSK_idle$stkptr
87e65d20   _SYS_PUTCBEG
87e65f1f   _SYS_PUTCEND
87e65f54   LOG_A_TABBEG
87e65f54   LOG_system
87e65f54   _LOG_A_TABBEG
87e65f54   _LOG_system
87e65f6c   _trace
87e65f6c   trace
87e65f84   KNL_swi
87e65f84   LOG_A_TABEND
87e65f84   SWI_A_TABBEG
87e65f84   _KNL_swi
87e65f84   _LOG_A_TABEND
87e65fb0   SWI_A_TABEND
87e65fc0   SYS$config
87e66000   HWI_A_VECS
87e66000   hwi0
87e66020   hwi1
87e66040   hwi2
87e66060   hwi3
87e66080   hwi4
87e660a0   hwi5
87e660c0   hwi6
87e660e0   hwi7
87e66100   hwi8
87e66120   hwi9
87e66140   hwi10
87e66160   hwi11
87e66180   hwi12
87e661a0   hwi13
87e661c0   hwi14
87e661e0   hwi15
87e66200   LOG_system$buf
87e66300   _DSPLINK_shmBaseAddress
87e66308   _DSPLINK_shmBaseAddress_pad
ffffffff   CACHE_L1D
ffffffff   CACHE_L1P
ffffffff   CACHE_L2
ffffffff   DSPLINKMEM
ffffffff   ECM_EVTMASK0
ffffffff   ECM_EVTMASK1
ffffffff   ECM_EVTMASK2
ffffffff   ECM_EVTMASK3
ffffffff   IRAM
ffffffff   L1DSRAM
ffffffff   POOLMEM
ffffffff   RESET_VECTOR
ffffffff   _CACHE_L1D
ffffffff   _CACHE_L1P
ffffffff   _CACHE_L2
ffffffff   _DSPLINKMEM
ffffffff   _IRAM
ffffffff   _L1DSRAM
ffffffff   _POOLMEM
ffffffff   _RESET_VECTOR
ffffffff   ___TI_pprof_out_hndl
ffffffff   ___TI_prof_data_size
ffffffff   ___TI_prof_data_start
ffffffff   ___binit__
ffffffff   ___c_args__
ffffffff   ___pinit__
ffffffff   binit
ffffffff   pinit

[1065 symbols]
